Copyright 1986-2022 Xilinx, Inc. All Rights Reserved. Copyright 2022-2025 Advanced Micro Devices, Inc. All Rights Reserved.
---------------------------------------------------------------------------------------------------------------------------------------------
| Tool Version : Vivado v.2025.1 (win64) Build 6140274 Thu May 22 00:12:29 MDT 2025
| Date         : Tue May 12 16:39:53 2026
| Host         : IC-5CG4104D9F running 64-bit major release  (build 9200)
| Command      : report_control_sets -verbose -file top_control_sets_placed.rpt
| Design       : top
| Device       : xc7a200t
---------------------------------------------------------------------------------------------------------------------------------------------

Control Set Information

Table of Contents
-----------------
1. Summary
2. Histogram
3. Flip-Flop Distribution
4. Detailed Control Set Information

1. Summary
----------

+----------------------------------------------------------+-------+
|                          Status                          | Count |
+----------------------------------------------------------+-------+
| Total control sets                                       |   112 |
|    Minimum number of control sets                        |   112 |
|    Addition due to synthesis replication                 |     0 |
|    Addition due to physical synthesis replication        |     0 |
| Unused register locations in slices containing registers |   327 |
+----------------------------------------------------------+-------+
* Control sets can be merged at opt_design using control_set_merge or merge_equivalent_drivers
** Run report_qor_suggestions for automated merging and remapping suggestions


2. Histogram
------------

+--------------------+-------+
|       Fanout       | Count |
+--------------------+-------+
| Total control sets |   112 |
| >= 0 to < 4        |    18 |
| >= 4 to < 6        |    14 |
| >= 6 to < 8        |     6 |
| >= 8 to < 10       |     7 |
| >= 10 to < 12      |     2 |
| >= 12 to < 14      |     3 |
| >= 14 to < 16      |     3 |
| >= 16              |    59 |
+--------------------+-------+
* Control sets can be remapped at either synth_design or opt_design


3. Flip-Flop Distribution
-------------------------

+--------------+-----------------------+------------------------+-----------------+--------------+
| Clock Enable | Synchronous Set/Reset | Asynchronous Set/Reset | Total Registers | Total Slices |
+--------------+-----------------------+------------------------+-----------------+--------------+
| No           | No                    | No                     |             712 |          206 |
| No           | No                    | Yes                    |               6 |            5 |
| No           | Yes                   | No                     |             611 |          192 |
| Yes          | No                    | No                     |             367 |          112 |
| Yes          | No                    | Yes                    |               7 |            5 |
| Yes          | Yes                   | No                     |            2754 |          827 |
+--------------+-----------------------+------------------------+-----------------+--------------+


4. Detailed Control Set Information
-----------------------------------

+----------------------------------------------------------------------------------------------------------------+-------------------------------------------------------------------------------------------------------------------------------------------------------------------------------------------+-------------------------------------------------------------------------------------------------------------------------------------------------------+------------------+----------------+--------------+
|                                                  Clock Signal                                                  |                                                                                       Enable Signal                                                                                       |                                                                    Set/Reset Signal                                                                   | Slice Load Count | Bel Load Count | Bels / Slice |
+----------------------------------------------------------------------------------------------------------------+-------------------------------------------------------------------------------------------------------------------------------------------------------------------------------------------+-------------------------------------------------------------------------------------------------------------------------------------------------------+------------------+----------------+--------------+
| ~u_subsystem/sub_system_i/mdm_1/U0/Use_E2.BSCAN_I/tck_BUFG                                                     |                                                                                                                                                                                           |                                                                                                                                                       |                1 |              1 |         1.00 |
|  u_subsystem/sub_system_i/clk_wiz_1/inst/clk_out1                                                              |                                                                                                                                                                                           | u_subsystem/sub_system_i/microblaze_riscv_0/U0/riscv_core_I/Base.Core/Use_Debug_Logic.Master_Core.Debug_Perf/Serial_Dbg_Intf.capture_1                |                1 |              1 |         1.00 |
|  u_subsystem/sub_system_i/mdm_1/U0/MDM_Core_I1/JTAG_CONTROL_I/Test_Access_Port.BUFG_UPDATE/Using_FPGA.Native_0 |                                                                                                                                                                                           | u_subsystem/sub_system_i/microblaze_riscv_0/U0/riscv_core_I/Base.Core/Use_Debug_Logic.Master_Core.Debug_Perf/continue_from_brk                        |                1 |              1 |         1.00 |
|  u_subsystem/sub_system_i/clk_wiz_1/inst/clk_out1                                                              | u_subsystem/sub_system_i/microblaze_riscv_0/U0/riscv_core_I/Base.Core/Decode_I/Using_FPGA_2.ex_load_store_instr_Inst/Use_Trigger.tdata1_all[0][dmode]                                     | u_subsystem/sub_system_i/microblaze_riscv_0/U0/riscv_core_I/sync_reset                                                                                |                1 |              1 |         1.00 |
|  u_subsystem/sub_system_i/mdm_1/U0/MDM_Core_I1/JTAG_CONTROL_I/Test_Access_Port.BUFG_UPDATE/Using_FPGA.Native_0 | u_subsystem/sub_system_i/microblaze_riscv_0/U0/riscv_core_I/Base.Core/Use_Debug_Logic.Master_Core.Debug_Perf/p_100_in                                                                     | u_subsystem/sub_system_i/microblaze_riscv_0/U0/riscv_core_I/Base.Core/Use_Debug_Logic.Master_Core.Debug_Perf/Serial_Dbg_Intf.register_write_cmd_reg_0 |                1 |              1 |         1.00 |
|  u_subsystem/sub_system_i/mdm_1/U0/MDM_Core_I1/JTAG_CONTROL_I/Test_Access_Port.BUFG_UPDATE/Using_FPGA.Native_0 | u_subsystem/sub_system_i/microblaze_riscv_0/U0/riscv_core_I/Base.Core/Use_Debug_Logic.Master_Core.Debug_Perf/dmcontrol_write                                                              | u_subsystem/sub_system_i/microblaze_riscv_0/U0/riscv_core_I/Base.Core/Use_Debug_Logic.Master_Core.Debug_Perf/normal_stop_cmd_i                        |                1 |              1 |         1.00 |
|  u_subsystem/sub_system_i/clk_wiz_1/inst/clk_out1                                                              | u_subsystem/sub_system_i/microblaze_riscv_0/U0/riscv_core_I/Base.Core/Decode_I/ie_reg[MEIE]0                                                                                              | u_subsystem/sub_system_i/microblaze_riscv_0/U0/riscv_core_I/sync_reset                                                                                |                1 |              1 |         1.00 |
|  u_subsystem/sub_system_i/mdm_1/U0/MDM_Core_I1/JTAG_CONTROL_I/Test_Access_Port.BUFG_UPDATE/Using_FPGA.Native_0 | u_subsystem/sub_system_i/microblaze_riscv_0/U0/riscv_core_I/Base.Core/Use_Debug_Logic.Master_Core.Debug_Perf/dmcontrol_write                                                              | u_subsystem/sub_system_i/microblaze_riscv_0/U0/riscv_core_I/Base.Core/Use_Debug_Logic.Master_Core.Debug_Perf/start_single_step_reg_0                  |                1 |              1 |         1.00 |
|  u_subsystem/sub_system_i/clk_wiz_1/inst/clk_out1                                                              | u_subsystem/sub_system_i/microblaze_riscv_0/U0/riscv_core_I/Base.Core/Decode_I/Use_MuxCy[12].OF_Piperun_Stage/MUXCY_I/Using_FPGA.Native_2                                                 | u_subsystem/sub_system_i/microblaze_riscv_0/U0/riscv_core_I/sync_reset                                                                                |                1 |              1 |         1.00 |
|  u_subsystem/sub_system_i/mdm_1/U0/MDM_Core_I1/JTAG_CONTROL_I/Test_Access_Port.BUFG_UPDATE/Using_FPGA.Native_0 | u_subsystem/sub_system_i/microblaze_riscv_0/U0/riscv_core_I/Base.Core/Use_Debug_Logic.Master_Core.Debug_Perf/p_100_in                                                                     | u_subsystem/sub_system_i/microblaze_riscv_0/U0/riscv_core_I/Base.Core/Use_Debug_Logic.Master_Core.Debug_Perf/register_read_cmd                        |                1 |              1 |         1.00 |
|  u_subsystem/sub_system_i/mdm_1/U0/MDM_Core_I1/JTAG_CONTROL_I/Test_Access_Port.BUFG_UPDATE/Using_FPGA.Native_0 |                                                                                                                                                                                           | u_subsystem/sub_system_i/microblaze_riscv_0/U0/riscv_core_I/Base.Core/Decode_I/Use_MuxCy[5].OF_Piperun_Stage/MUXCY_I/trace_valid_instr_i              |                1 |              1 |         1.00 |
|  u_subsystem/sub_system_i/mdm_1/U0/MDM_Core_I1/JTAG_CONTROL_I/Test_Access_Port.BUFG_UPDATE/Using_FPGA.Native_0 |                                                                                                                                                                                           | u_subsystem/sub_system_i/microblaze_riscv_0/U0/riscv_core_I/Base.Core/Use_Debug_Logic.Master_Core.Debug_Perf/Functional_Reset22_out                   |                1 |              1 |         1.00 |
|  u_subsystem/sub_system_i/mdm_1/U0/Use_E2.BSCAN_I/tck_BUFG                                                     |                                                                                                                                                                                           | u_subsystem/sub_system_i/mdm_1/U0/Use_E2.BSCAN_I/Use_E2.BSCANE2_I_0                                                                                   |                1 |              2 |         2.00 |
|  u_subsystem/sub_system_i/clk_wiz_1/inst/clk_out1                                                              | u_subsystem/sub_system_i/microblaze_riscv_0/U0/riscv_core_I/Base.Core/Decode_I/Use_Counters.mcountinhibit_reg[CY]0                                                                        | u_subsystem/sub_system_i/microblaze_riscv_0/U0/riscv_core_I/sync_reset                                                                                |                1 |              2 |         2.00 |
|  u_subsystem/sub_system_i/clk_wiz_1/inst/clk_out1                                                              | u_subsystem/sub_system_i/microblaze_riscv_0/U0/riscv_core_I/Base.Core/Decode_I/Using_FPGA_2.ex_load_store_instr_Inst/Use_Trigger.tdata1_all[0][dmode]1                                    | u_subsystem/sub_system_i/microblaze_riscv_0/U0/riscv_core_I/sync_reset                                                                                |                1 |              2 |         2.00 |
|  u_subsystem/sub_system_i/clk_wiz_1/inst/clk_out1                                                              | u_subsystem/sub_system_i/microblaze_riscv_0/U0/riscv_core_I/Base.Core/Decode_I/ex_Sel_CSR_i_reg[dcsr]_0[0]                                                                                | u_subsystem/sub_system_i/microblaze_riscv_0/U0/riscv_core_I/sync_reset                                                                                |                1 |              3 |         3.00 |
| ~u_subsystem/sub_system_i/mdm_1/U0/Use_JTAG_BSCAN.BUFG_JTAG_TCK/Use_JTAG_BSCAN.tck_int                         |                                                                                                                                                                                           |                                                                                                                                                       |                2 |              3 |         1.50 |
|  u_subsystem/sub_system_i/mdm_1/U0/MDM_Core_I1/JTAG_CONTROL_I/Test_Access_Port.BUFG_UPDATE/Using_FPGA.Native_0 | u_subsystem/sub_system_i/microblaze_riscv_0/U0/riscv_core_I/Base.Core/Use_Debug_Logic.Master_Core.Debug_Perf/p_100_in                                                                     | u_subsystem/sub_system_i/microblaze_riscv_0/U0/riscv_core_I/Base.Core/Use_Debug_Logic.Master_Core.Debug_Perf/do_new_dbg_instr                         |                1 |              3 |         3.00 |
|  u_subsystem/sub_system_i/clk_wiz_1/inst/clk_out1                                                              | u_bram_writer/FSM_onehot_state_r[3]_i_2_n_0                                                                                                                                               | u_subsystem/SS[0]                                                                                                                                     |                1 |              4 |         4.00 |
|  u_subsystem/sub_system_i/clk_wiz_1/inst/clk_out1                                                              | u_subsystem/sub_system_i/axi_uartlite_0/U0/UARTLITE_CORE_I/BAUD_RATE_I/en_16x_Baud                                                                                                        |                                                                                                                                                       |                1 |              4 |         4.00 |
|  u_subsystem/sub_system_i/clk_wiz_1/inst/clk_out1                                                              | u_subsystem/sub_system_i/axi_gpio_0/U0/AXI_LITE_IPIF_I/I_SLAVE_ATTACHMENT/start2                                                                                                          | u_subsystem/sub_system_i/axi_gpio_0/U0/AXI_LITE_IPIF_I/I_SLAVE_ATTACHMENT/I_DECODER/cs_ce_clr                                                         |                1 |              4 |         4.00 |
|  u_subsystem/sub_system_i/clk_wiz_1/inst/clk_out1                                                              |                                                                                                                                                                                           | u_subsystem/sub_system_i/microblaze_riscv_0_axi_intc/U0/AXI_LITE_IPIF_I/I_SLAVE_ATTACHMENT/clear                                                      |                1 |              4 |         4.00 |
|  u_subsystem/sub_system_i/clk_wiz_1/inst/clk_out1                                                              |                                                                                                                                                                                           | u_subsystem/sub_system_i/axi_gpio_1/U0/AXI_LITE_IPIF_I/I_SLAVE_ATTACHMENT/clear                                                                       |                1 |              4 |         4.00 |
|  u_subsystem/sub_system_i/clk_wiz_1/inst/clk_out1                                                              | u_subsystem/sub_system_i/axi_gpio_0/U0/AXI_LITE_IPIF_I/I_SLAVE_ATTACHMENT/bus2ip_addr_i[8]_i_1_n_0                                                                                        | u_subsystem/sub_system_i/axi_gpio_0/U0/AXI_LITE_IPIF_I/I_SLAVE_ATTACHMENT/SR[0]                                                                       |                1 |              4 |         4.00 |
|  u_subsystem/sub_system_i/clk_wiz_1/inst/clk_out1                                                              |                                                                                                                                                                                           | u_subsystem/sub_system_i/axi_gpio_0/U0/AXI_LITE_IPIF_I/I_SLAVE_ATTACHMENT/clear                                                                       |                1 |              4 |         4.00 |
|  u_subsystem/sub_system_i/clk_wiz_1/inst/clk_out1                                                              | u_subsystem/sub_system_i/axi_uartlite_0/U0/AXI_LITE_IPIF_I/I_SLAVE_ATTACHMENT/start2                                                                                                      | u_subsystem/sub_system_i/axi_uartlite_0/U0/AXI_LITE_IPIF_I/I_SLAVE_ATTACHMENT/I_DECODER/cs_ce_clr                                                     |                1 |              4 |         4.00 |
|  u_subsystem/sub_system_i/clk_wiz_1/inst/clk_out1                                                              |                                                                                                                                                                                           | u_subsystem/sub_system_i/microblaze_riscv_0/U0/riscv_core_I/Base.Core/Decode_I/Using_FPGA_2.ex_load_store_instr_Inst/Use_Async_Reset.sync_reset_reg_0 |                4 |              4 |         1.00 |
|  u_subsystem/sub_system_i/clk_wiz_1/inst/clk_out1                                                              | u_subsystem/sub_system_i/microblaze_riscv_0/U0/riscv_core_I/Base.Core/Decode_I/Using_FPGA_2.ex_load_store_instr_Inst/ex_Sel_CSR_i_reg[mcause][0]                                          | u_subsystem/sub_system_i/microblaze_riscv_0/U0/riscv_core_I/sync_reset                                                                                |                4 |              5 |         1.25 |
|  u_subsystem/sub_system_i/mdm_1/U0/Use_JTAG_BSCAN.BUFG_JTAG_TCK/Use_JTAG_BSCAN.tck_int                         | u_subsystem/sub_system_i/mdm_1/U0/MDM_Core_I1/JTAG_CONTROL_I/Test_Access_Port.sel_dmi_i_1_n_0                                                                                             |                                                                                                                                                       |                2 |              5 |         2.50 |
|  u_subsystem/sub_system_i/mdm_1/U0/MDM_Core_I1/JTAG_CONTROL_I/Test_Access_Port.BUFG_UPDATE/Using_FPGA.Native_0 | u_subsystem/sub_system_i/microblaze_riscv_0/U0/riscv_core_I/Base.Core/Use_Debug_Logic.Master_Core.Debug_Perf/p_109_in                                                                     |                                                                                                                                                       |                1 |              5 |         5.00 |
|  u_subsystem/sub_system_i/clk_wiz_1/inst/clk_out1                                                              |                                                                                                                                                                                           | u_subsystem/sub_system_i/rst_clk_wiz_1_100M/U0/EXT_LPF/lpf_int                                                                                        |                3 |              5 |         1.67 |
|  u_subsystem/sub_system_i/mdm_1/U0/Use_JTAG_BSCAN.BUFG_JTAG_TCK/Use_JTAG_BSCAN.tck_int                         | u_subsystem/sub_system_i/mdm_1/U0/MDM_Core_I1/JTAG_CONTROL_I/Test_Access_Port.ir[4]_i_1_n_0                                                                                               |                                                                                                                                                       |                1 |              5 |         5.00 |
|  u_subsystem/sub_system_i/clk_wiz_1/inst/clk_out1                                                              |                                                                                                                                                                                           | u_subsystem/sub_system_i/axi_bram_ctrl_0/U0/gext_inst.abcv4_0_ext_inst/GEN_AXI4LITE.I_AXI_LITE/s_axi_aresetn_0                                        |                2 |              6 |         3.00 |
|  u_subsystem/sub_system_i/clk_wiz_1/inst/clk_out1                                                              | u_subsystem/sub_system_i/rst_clk_wiz_1_100M/U0/SEQ/seq_cnt_en                                                                                                                             | u_subsystem/sub_system_i/rst_clk_wiz_1_100M/U0/SEQ/SEQ_COUNTER/clear                                                                                  |                2 |              6 |         3.00 |
|  u_subsystem/sub_system_i/clk_wiz_1/inst/clk_out1                                                              |                                                                                                                                                                                           | u_subsystem/sub_system_i/axi_uartlite_0/U0/UARTLITE_CORE_I/UARTLITE_RX_I/SRL_FIFO_I/RX_FIFO_Reset                                                     |                2 |              6 |         3.00 |
|  u_subsystem/sub_system_i/clk_wiz_1/inst/clk_out1                                                              | u_subsystem/sub_system_i/microblaze_riscv_0/U0/riscv_core_I/Base.Core/Data_Flow_I/Using_Div_Unit.Div_unit_I1/cnt_shifts[5]_i_1_n_0                                                        |                                                                                                                                                       |                4 |              6 |         1.50 |
|  u_subsystem/sub_system_i/clk_wiz_1/inst/clk_out1                                                              |                                                                                                                                                                                           | u_subsystem/sub_system_i/axi_uartlite_0/U0/UARTLITE_CORE_I/UARTLITE_TX_I/SRL_FIFO_I/TX_FIFO_Reset                                                     |                2 |              6 |         3.00 |
|  u_subsystem/sub_system_i/clk_wiz_1/inst/clk_out1                                                              | u_subsystem/sub_system_i/axi_uartlite_0/U0/UARTLITE_CORE_I/BAUD_RATE_I/en_16x_Baud                                                                                                        | u_subsystem/sub_system_i/axi_uartlite_0/U0/UARTLITE_CORE_I/UARTLITE_RX_I/SERIAL_TO_PARALLEL[8].fifo_din[8]_i_1_n_0                                    |                1 |              7 |         7.00 |
|  u_subsystem/sub_system_i/mdm_1/U0/Use_E2.BSCAN_I/tck_BUFG                                                     | u_subsystem/sub_system_i/mdm_1/U0/Use_E2.BSCAN_I/Use_JTAG_BSCAN.tap_cnt_ok_reg[0]                                                                                                         | u_subsystem/sub_system_i/mdm_1/U0/Use_E2.BSCAN_I/Use_JTAG_BSCAN.tms_ok                                                                                |                3 |              8 |         2.67 |
|  u_subsystem/sub_system_i/mdm_1/U0/Use_E2.BSCAN_I/tck_BUFG                                                     | u_subsystem/sub_system_i/mdm_1/U0/Use_E2.BSCAN_I/E[0]                                                                                                                                     |                                                                                                                                                       |                3 |              8 |         2.67 |
|  u_subsystem/sub_system_i/clk_wiz_1/inst/clk_out1                                                              | u_subsystem/sub_system_i/axi_uartlite_0/U0/AXI_LITE_IPIF_I/I_SLAVE_ATTACHMENT/I_DECODER/fifo_wr                                                                                           |                                                                                                                                                       |                1 |              8 |         8.00 |
|  u_subsystem/sub_system_i/clk_wiz_1/inst/clk_out1                                                              | u_subsystem/sub_system_i/axi_gpio_1/U0/AXI_LITE_IPIF_I/I_SLAVE_ATTACHMENT/bus2ip_addr_i[8]_i_1_n_0                                                                                        | u_subsystem/sub_system_i/axi_gpio_1/U0/AXI_LITE_IPIF_I/I_SLAVE_ATTACHMENT/SR[0]                                                                       |                2 |              8 |         4.00 |
|  u_subsystem/sub_system_i/clk_wiz_1/inst/clk_out1                                                              | u_subsystem/sub_system_i/axi_uartlite_0/U0/UARTLITE_CORE_I/UARTLITE_RX_I/SRL_FIFO_I/fifo_wr                                                                                               |                                                                                                                                                       |                1 |              8 |         8.00 |
|  u_subsystem/sub_system_i/clk_wiz_1/inst/clk_out1                                                              | u_subsystem/sub_system_i/microblaze_riscv_0_axi_intc/U0/AXI_LITE_IPIF_I/I_SLAVE_ATTACHMENT/bus2ip_addr_i[8]_i_1_n_0                                                                       | u_subsystem/sub_system_i/microblaze_riscv_0_axi_intc/U0/AXI_LITE_IPIF_I/I_SLAVE_ATTACHMENT/rst                                                        |                3 |              8 |         2.67 |
|  u_subsystem/sub_system_i/clk_wiz_1/inst/clk_out1                                                              | u_subsystem/sub_system_i/axi_uartlite_0/U0/AXI_LITE_IPIF_I/I_SLAVE_ATTACHMENT/s_axi_rresp_i                                                                                               | u_subsystem/sub_system_i/axi_uartlite_0/U0/AXI_LITE_IPIF_I/I_SLAVE_ATTACHMENT/rst                                                                     |                3 |              9 |         3.00 |
|  u_subsystem/sub_system_i/clk_wiz_1/inst/clk_out1                                                              |                                                                                                                                                                                           | u_subsystem/sub_system_i/axi_uartlite_0/U0/AXI_LITE_IPIF_I/I_SLAVE_ATTACHMENT/rst                                                                     |                4 |             11 |         2.75 |
|  u_subsystem/sub_system_i/mdm_1/U0/Use_E2.BSCAN_I/tck_BUFG                                                     |                                                                                                                                                                                           |                                                                                                                                                       |                4 |             11 |         2.75 |
|  u_subsystem/sub_system_i/clk_wiz_1/inst/clk_out1                                                              |                                                                                                                                                                                           | u_subsystem/sub_system_i/microblaze_riscv_0_axi_intc/U0/AXI_LITE_IPIF_I/I_SLAVE_ATTACHMENT/rst                                                        |                5 |             12 |         2.40 |
|  u_subsystem/sub_system_i/clk_wiz_1/inst/clk_out1                                                              |                                                                                                                                                                                           | u_subsystem/sub_system_i/microblaze_riscv_0_axi_periph/xbar/inst/gen_sasd.crossbar_sasd_0/addr_arbiter_inst/SR[0]                                     |                3 |             13 |         4.33 |
|  u_subsystem/sub_system_i/clk_wiz_1/inst/clk_out1                                                              | u_subsystem/sub_system_i/microblaze_riscv_0/U0/riscv_core_I/Base.Core/Decode_I/jump_logic_I1/MB_MUXCY_EX_Jump2/Using_FPGA.Native_I2_2[0]                                                  | u_subsystem/sub_system_i/microblaze_riscv_0/U0/riscv_core_I/sync_reset                                                                                |                4 |             13 |         3.25 |
|  u_subsystem/sub_system_i/clk_wiz_1/inst/clk_out1                                                              | u_subsystem/sub_system_i/microblaze_riscv_0/U0/riscv_core_I/Base.Core/Decode_I/Use_MuxCy[11].OF_Piperun_Stage/MUXCY_I/lopt_7                                                              | u_subsystem/sub_system_i/microblaze_riscv_0/U0/riscv_core_I/sync_reset                                                                                |                3 |             14 |         4.67 |
|  u_subsystem/sub_system_i/mdm_1/U0/MDM_Core_I1/JTAG_CONTROL_I/Test_Access_Port.BUFG_DRCK/Using_FPGA.Native_0   | u_subsystem/sub_system_i/mdm_1/U0/MDM_Core_I1/JTAG_CONTROL_I/dmistat15_out                                                                                                                |                                                                                                                                                       |                6 |             15 |         2.50 |
|  u_subsystem/sub_system_i/clk_wiz_1/inst/clk_out1                                                              | u_subsystem/bbstub_gpio_io_o[5]_0                                                                                                                                                         | u_subsystem/pl_rst                                                                                                                                    |                6 |             15 |         2.50 |
|  u_subsystem/sub_system_i/clk_wiz_1/inst/clk_out1                                                              | u_subsystem/sub_system_i/microblaze_riscv_0/U0/riscv_core_I/Base.Core/Decode_I/PreFetch_Buffer_I/INSTR_BUFFER_I1/Generating_Control_Logic.Using_FPGA.OF_Valid_DFF/Using_FPGA.Native_I2[0] | u_subsystem/sub_system_i/microblaze_riscv_0/U0/riscv_core_I/sync_reset                                                                                |                5 |             16 |         3.20 |
|  u_subsystem/sub_system_i/mdm_1/U0/Use_JTAG_BSCAN.BUFG_JTAG_TCK/Use_JTAG_BSCAN.tck_int                         |                                                                                                                                                                                           |                                                                                                                                                       |                6 |             18 |         3.00 |
|  u_subsystem/sub_system_i/clk_wiz_1/inst/clk_out1                                                              | u_subsystem/sub_system_i/microblaze_riscv_0_axi_intc/U0/AXI_LITE_IPIF_I/I_SLAVE_ATTACHMENT/start2                                                                                         | u_subsystem/sub_system_i/microblaze_riscv_0_axi_intc/U0/AXI_LITE_IPIF_I/I_SLAVE_ATTACHMENT/I_DECODER/cs_ce_clr                                        |                6 |             19 |         3.17 |
|  u_subsystem/sub_system_i/clk_wiz_1/inst/clk_out1                                                              | u_subsystem/sub_system_i/microblaze_riscv_0/U0/riscv_core_I/Base.Core/Decode_I/Use_MuxCy[11].OF_Piperun_Stage/MUXCY_I/lopt_1                                                              | u_subsystem/sub_system_i/microblaze_riscv_0/U0/riscv_core_I/Base.Core/Decode_I/PreFetch_Buffer_I/INSTR_BUFFER_I1/SR[0]                                |                7 |             20 |         2.86 |
|  u_subsystem/sub_system_i/mdm_1/U0/MDM_Core_I1/JTAG_CONTROL_I/Test_Access_Port.BUFG_UPDATE/Using_FPGA.Native_0 |                                                                                                                                                                                           |                                                                                                                                                       |                8 |             20 |         2.50 |
|  u_subsystem/sub_system_i/clk_wiz_1/inst/clk_out1                                                              | u_subsystem/sub_system_i/axi_gpio_1/U0/AXI_LITE_IPIF_I/I_SLAVE_ATTACHMENT/start2                                                                                                          | u_subsystem/sub_system_i/axi_gpio_1/U0/AXI_LITE_IPIF_I/I_SLAVE_ATTACHMENT/I_DECODER/cs_ce_clr                                                         |                4 |             21 |         5.25 |
|  u_subsystem/sub_system_i/mdm_1/U0/Use_E2.BSCAN_I/tck_BUFG                                                     |                                                                                                                                                                                           | u_subsystem/sub_system_i/mdm_1/U0/Use_E2.BSCAN_I/Use_JTAG_BSCAN.id_flag_reg                                                                           |                4 |             21 |         5.25 |
|  u_subsystem/sub_system_i/clk_wiz_1/inst/clk_out1                                                              |                                                                                                                                                                                           | u_subsystem/pl_rst                                                                                                                                    |                8 |             21 |         2.62 |
|  u_subsystem/sub_system_i/clk_wiz_1/inst/clk_out1                                                              |                                                                                                                                                                                           | u_subsystem/sub_system_i/axi_uartlite_0/U0/UARTLITE_CORE_I/UARTLITE_RX_I/SR[0]                                                                        |                7 |             26 |         3.71 |
|  u_subsystem/sub_system_i/clk_wiz_1/inst/clk_out1                                                              |                                                                                                                                                                                           | u_subsystem/sub_system_i/microblaze_riscv_0_axi_intc/U0/INTC_CORE_I/SR[0]                                                                             |                8 |             27 |         3.38 |
|  u_subsystem/sub_system_i/clk_wiz_1/inst/clk_out1                                                              |                                                                                                                                                                                           | u_subsystem/sub_system_i/microblaze_riscv_0/U0/riscv_core_I/Base.Core/Decode_I/Use_MuxCy[12].OF_Piperun_Stage/MUXCY_I/ex_cmul_op_i                    |                5 |             27 |         5.40 |
|  u_subsystem/sub_system_i/clk_wiz_1/inst/clk_out1                                                              | u_subsystem/sub_system_i/axi_uartlite_0/U0/UARTLITE_CORE_I/BAUD_RATE_I/en_16x_Baud                                                                                                        | u_subsystem/sub_system_i/axi_uartlite_0/U0/UARTLITE_CORE_I/UARTLITE_RX_I/SR[0]                                                                        |                7 |             28 |         4.00 |
|  u_subsystem/sub_system_i/clk_wiz_1/inst/clk_out1                                                              | u_subsystem/sub_system_i/microblaze_riscv_0_axi_periph/xbar/inst/gen_sasd.crossbar_sasd_0/addr_arbiter_inst/p_0_in1_in                                                                    | u_subsystem/sub_system_i/microblaze_riscv_0_axi_periph/xbar/inst/gen_sasd.crossbar_sasd_0/addr_arbiter_inst/SR[0]                                     |                8 |             30 |         3.75 |
|  u_subsystem/sub_system_i/clk_wiz_1/inst/clk_out1                                                              | u_subsystem/sub_system_i/microblaze_riscv_0/U0/riscv_core_I/Base.Core/Decode_I/ex_Sel_CSR_i_reg[mtvec]_0[0]                                                                               | u_subsystem/sub_system_i/microblaze_riscv_0/U0/riscv_core_I/sync_reset                                                                                |                9 |             30 |         3.33 |
|  u_subsystem/sub_system_i/clk_wiz_1/inst/clk_out1                                                              | u_subsystem/sub_system_i/microblaze_riscv_0/U0/riscv_core_I/Base.Core/Decode_I/Using_FPGA_2.ex_load_store_instr_Inst/ex_Sel_CSR_i_reg[mepc][0]                                            | u_subsystem/sub_system_i/microblaze_riscv_0/U0/riscv_core_I/sync_reset                                                                                |               15 |             31 |         2.07 |
|  u_subsystem/sub_system_i/mdm_1/U0/MDM_Core_I1/JTAG_CONTROL_I/Test_Access_Port.BUFG_UPDATE/Using_FPGA.Native_0 | u_subsystem/sub_system_i/microblaze_riscv_0/U0/riscv_core_I/Base.Core/Use_Debug_Logic.Master_Core.Debug_Perf/progbuf0_reg0                                                                |                                                                                                                                                       |                9 |             32 |         3.56 |
|  u_subsystem/sub_system_i/clk_wiz_1/inst/clk_out1                                                              | u_subsystem/sub_system_i/axi_gpio_0/U0/AXI_LITE_IPIF_I/I_SLAVE_ATTACHMENT/I_DECODER/bus2ip_rnw_i_reg[0]                                                                                   | u_subsystem/sub_system_i/axi_gpio_0/U0/AXI_LITE_IPIF_I/I_SLAVE_ATTACHMENT/SR[0]                                                                       |                8 |             32 |         4.00 |
|  u_subsystem/sub_system_i/clk_wiz_1/inst/clk_out1                                                              | u_subsystem/sub_system_i/axi_gpio_0/U0/AXI_LITE_IPIF_I/I_SLAVE_ATTACHMENT/I_DECODER/E[0]                                                                                                  | u_subsystem/sub_system_i/axi_gpio_0/U0/AXI_LITE_IPIF_I/I_SLAVE_ATTACHMENT/SR[0]                                                                       |               13 |             32 |         2.46 |
|  u_subsystem/sub_system_i/clk_wiz_1/inst/clk_out1                                                              | u_subsystem/sub_system_i/axi_gpio_1/U0/AXI_LITE_IPIF_I/I_SLAVE_ATTACHMENT/s_axi_rresp_i                                                                                                   | u_subsystem/sub_system_i/axi_gpio_1/U0/AXI_LITE_IPIF_I/I_SLAVE_ATTACHMENT/SR[0]                                                                       |                6 |             32 |         5.33 |
|  u_subsystem/sub_system_i/clk_wiz_1/inst/clk_out1                                                              | u_subsystem/sub_system_i/microblaze_riscv_0/U0/riscv_core_I/Base.Core/Decode_I/Using_FPGA_2.ex_load_store_instr_Inst/ex_start_div_i_reg                                                   |                                                                                                                                                       |                8 |             32 |         4.00 |
|  u_subsystem/sub_system_i/clk_wiz_1/inst/clk_out1                                                              | u_subsystem/sub_system_i/microblaze_riscv_0/U0/riscv_core_I/Base.Core/Decode_I/Using_FPGA_2.ex_load_store_instr_Inst/E[0]                                                                 | u_subsystem/sub_system_i/microblaze_riscv_0/U0/riscv_core_I/sync_reset                                                                                |               17 |             32 |         1.88 |
|  u_subsystem/sub_system_i/clk_wiz_1/inst/clk_out1                                                              | u_subsystem/sub_system_i/microblaze_riscv_0/U0/riscv_core_I/Base.Core/Decode_I/Using_FPGA_2.ex_load_store_instr_Inst/ex_Sel_CSR_i_reg[minstreth][0]                                       | u_subsystem/sub_system_i/microblaze_riscv_0/U0/riscv_core_I/sync_reset                                                                                |               12 |             32 |         2.67 |
|  u_subsystem/sub_system_i/clk_wiz_1/inst/clk_out1                                                              | u_subsystem/sub_system_i/microblaze_riscv_0/U0/riscv_core_I/Base.Core/Decode_I/Using_FPGA_2.ex_load_store_instr_Inst/ex_Sel_CSR_i_reg[mcycleh][0]                                         | u_subsystem/sub_system_i/microblaze_riscv_0/U0/riscv_core_I/sync_reset                                                                                |               16 |             32 |         2.00 |
|  u_subsystem/sub_system_i/clk_wiz_1/inst/clk_out1                                                              | u_subsystem/sub_system_i/microblaze_riscv_0/U0/riscv_core_I/Base.Core/Decode_I/Using_FPGA_2.ex_load_store_instr_Inst/ex_Sel_CSR_i_reg[minstreth][1]                                       | u_subsystem/sub_system_i/microblaze_riscv_0/U0/riscv_core_I/sync_reset                                                                                |               19 |             32 |         1.68 |
|  u_subsystem/sub_system_i/clk_wiz_1/inst/clk_out1                                                              | u_subsystem/sub_system_i/microblaze_riscv_0/U0/riscv_core_I/Base.Core/Decode_I/Using_FPGA_2.ex_load_store_instr_Inst/ex_Sel_CSR_i_reg[mtval][0]                                           | u_subsystem/sub_system_i/microblaze_riscv_0/U0/riscv_core_I/sync_reset                                                                                |               20 |             32 |         1.60 |
|  u_subsystem/sub_system_i/clk_wiz_1/inst/clk_out1                                                              | u_subsystem/sub_system_i/microblaze_riscv_0/U0/riscv_core_I/Base.Core/Decode_I/Using_FPGA_2.ex_load_store_instr_Inst/ex_Sel_CSR_i_reg[tdata2][0]                                          | u_subsystem/sub_system_i/microblaze_riscv_0/U0/riscv_core_I/sync_reset                                                                                |               10 |             32 |         3.20 |
|  u_subsystem/sub_system_i/clk_wiz_1/inst/clk_out1                                                              | u_subsystem/sub_system_i/microblaze_riscv_0/U0/riscv_core_I/Base.Core/Decode_I/Using_FPGA_2.ex_load_store_instr_Inst/ex_Sel_CSR_i_reg[mcycleh][1]                                         | u_subsystem/sub_system_i/microblaze_riscv_0/U0/riscv_core_I/sync_reset                                                                                |               13 |             32 |         2.46 |
|  u_subsystem/sub_system_i/clk_wiz_1/inst/clk_out1                                                              | u_subsystem/sub_system_i/microblaze_riscv_0/U0/riscv_core_I/Base.Core/Decode_I/Using_OF_Pull_FPGA.PR_OF_Pull_Or1/MUXCY_I/Using_FPGA.Native_0[0]                                           | u_subsystem/sub_system_i/microblaze_riscv_0/U0/riscv_core_I/sync_reset                                                                                |               15 |             32 |         2.13 |
|  u_subsystem/sub_system_i/clk_wiz_1/inst/clk_out1                                                              | u_subsystem/E[0]                                                                                                                                                                          | u_subsystem/ce_cnt[31]_i_1_0                                                                                                                          |                8 |             32 |         4.00 |
|  u_subsystem/sub_system_i/clk_wiz_1/inst/clk_out1                                                              | u_subsystem/sub_system_i/microblaze_riscv_0_axi_intc/U0/INTC_CORE_I/irq                                                                                                                   |                                                                                                                                                       |                9 |             32 |         3.56 |
|  u_subsystem/sub_system_i/mdm_1/U0/MDM_Core_I1/JTAG_CONTROL_I/Test_Access_Port.BUFG_UPDATE/Using_FPGA.Native_0 | u_subsystem/sub_system_i/microblaze_riscv_0/U0/riscv_core_I/Base.Core/Use_Debug_Logic.Master_Core.Debug_Perf/data0_write_reg0                                                             |                                                                                                                                                       |                7 |             32 |         4.57 |
|  u_subsystem/sub_system_i/clk_wiz_1/inst/clk_out1                                                              | u_subsystem/sub_system_i/microblaze_riscv_0_axi_periph/xbar/inst/gen_sasd.crossbar_sasd_0/addr_arbiter_inst/s_axi_rvalid[0]                                                               | u_subsystem/sub_system_i/microblaze_riscv_0/U0/riscv_core_I/sync_reset                                                                                |               13 |             32 |         2.46 |
|  u_subsystem/sub_system_i/clk_wiz_1/inst/clk_out1                                                              | u_subsystem/sub_system_i/axi_gpio_1/U0/AXI_LITE_IPIF_I/I_SLAVE_ATTACHMENT/I_DECODER/bus2ip_rnw_i_reg[0]                                                                                   | u_subsystem/sub_system_i/axi_gpio_1/U0/AXI_LITE_IPIF_I/I_SLAVE_ATTACHMENT/SR[0]                                                                       |                7 |             32 |         4.57 |
|  u_subsystem/sub_system_i/clk_wiz_1/inst/clk_out1                                                              | u_subsystem/sub_system_i/axi_gpio_1/U0/AXI_LITE_IPIF_I/I_SLAVE_ATTACHMENT/I_DECODER/E[0]                                                                                                  | u_subsystem/sub_system_i/axi_gpio_1/U0/AXI_LITE_IPIF_I/I_SLAVE_ATTACHMENT/SR[0]                                                                       |                8 |             32 |         4.00 |
|  u_subsystem/sub_system_i/clk_wiz_1/inst/clk_out1                                                              | u_subsystem/sub_system_i/axi_gpio_0/U0/AXI_LITE_IPIF_I/I_SLAVE_ATTACHMENT/s_axi_rresp_i                                                                                                   | u_subsystem/sub_system_i/axi_gpio_0/U0/AXI_LITE_IPIF_I/I_SLAVE_ATTACHMENT/SR[0]                                                                       |               10 |             32 |         3.20 |
|  u_subsystem/sub_system_i/clk_wiz_1/inst/clk_out1                                                              | u_subsystem/sub_system_i/microblaze_riscv_0/U0/riscv_core_I/Base.Core/Decode_I/ex_Sel_CSR_i_reg[mscratch]_0[0]                                                                            | u_subsystem/sub_system_i/microblaze_riscv_0/U0/riscv_core_I/sync_reset                                                                                |               16 |             32 |         2.00 |
|  u_subsystem/sub_system_i/clk_wiz_1/inst/clk_out1                                                              | u_subsystem/sub_system_i/microblaze_riscv_0/U0/riscv_core_I/Base.Core/Use_Debug_Logic.Master_Core.Debug_Perf/register_read_cmd                                                            | u_subsystem/sub_system_i/microblaze_riscv_0/U0/riscv_core_I/sync_reset                                                                                |               16 |             32 |         2.00 |
|  u_subsystem/sub_system_i/clk_wiz_1/inst/clk_out1                                                              | u_bram_writer/Test_Point_tri_i[11]                                                                                                                                                        | u_subsystem/SS[0]                                                                                                                                     |                8 |             32 |         4.00 |
|  u_subsystem/sub_system_i/clk_wiz_1/inst/clk_out1                                                              | u_subsystem/E[0]                                                                                                                                                                          | u_subsystem/pl_rst                                                                                                                                    |               14 |             33 |         2.36 |
|  u_subsystem/sub_system_i/clk_wiz_1/inst/clk_out1                                                              | u_subsystem/sub_system_i/microblaze_riscv_0/U0/riscv_core_I/Base.Core/Data_Flow_I/Using_Div_Unit.Div_unit_I1/Q[0]_i_1_n_0                                                                 |                                                                                                                                                       |               24 |             33 |         1.38 |
|  u_subsystem/sub_system_i/clk_wiz_1/inst/clk_out1                                                              | u_subsystem/sub_system_i/microblaze_riscv_0/U0/riscv_core_I/Base.Core/Data_Flow_I/Using_Div_Unit.Div_unit_I1/R[0]_i_1_n_0                                                                 | u_subsystem/sub_system_i/microblaze_riscv_0/U0/riscv_core_I/Base.Core/Decode_I/Using_FPGA_2.ex_load_store_instr_Inst/ex_start_div_i_reg               |                9 |             33 |         3.67 |
|  u_subsystem/sub_system_i/clk_wiz_1/inst/clk_out1                                                              | u_subsystem/sub_system_i/microblaze_riscv_0_axi_intc/U0/AXI_LITE_IPIF_I/I_SLAVE_ATTACHMENT/s_axi_rresp_i                                                                                  | u_subsystem/sub_system_i/microblaze_riscv_0_axi_intc/U0/AXI_LITE_IPIF_I/I_SLAVE_ATTACHMENT/rst                                                        |               12 |             33 |         2.75 |
|  u_subsystem/sub_system_i/clk_wiz_1/inst/clk_out1                                                              | u_subsystem/sub_system_i/microblaze_riscv_0_axi_periph/xbar/inst/gen_sasd.crossbar_sasd_0/addr_arbiter_inst/E[0]                                                                          |                                                                                                                                                       |               11 |             34 |         3.09 |
|  u_subsystem/sub_system_i/mdm_1/U0/MDM_Core_I1/JTAG_CONTROL_I/Test_Access_Port.BUFG_DRCK/Using_FPGA.Native_0   | u_subsystem/sub_system_i/mdm_1/U0/MDM_Core_I1/JTAG_CONTROL_I/dmcontrol_read_2                                                                                                             |                                                                                                                                                       |                7 |             40 |         5.71 |
|  u_subsystem/sub_system_i/mdm_1/U0/MDM_Core_I1/JTAG_CONTROL_I/Test_Access_Port.BUFG_DRCK/Using_FPGA.Native_0   | u_subsystem/sub_system_i/mdm_1/U0/MDM_Core_I1/JTAG_CONTROL_I/Test_Access_Port.capture_dtm_reg_0                                                                                           |                                                                                                                                                       |               12 |             42 |         3.50 |
|  u_subsystem/sub_system_i/clk_wiz_1/inst/clk_out1                                                              | u_subsystem/sub_system_i/microblaze_riscv_0/U0/riscv_core_I/Base.Core/Use_Debug_Logic.Master_Core.Debug_Perf/s2b                                                                          |                                                                                                                                                       |                6 |             45 |         7.50 |
|  u_subsystem/sub_system_i/mdm_1/U0/MDM_Core_I1/JTAG_CONTROL_I/Test_Access_Port.BUFG_DRCK/Using_FPGA.Native_0   | u_subsystem/sub_system_i/mdm_1/U0/MDM_Core_I1/JTAG_CONTROL_I/Test_Access_Port.idcode_3                                                                                                    |                                                                                                                                                       |                7 |             46 |         6.57 |
|  u_subsystem/sub_system_i/clk_wiz_1/inst/clk_out1                                                              |                                                                                                                                                                                           | u_subsystem/sub_system_i/axi_gpio_0/U0/AXI_LITE_IPIF_I/I_SLAVE_ATTACHMENT/SR[0]                                                                       |               19 |             47 |         2.47 |
|  u_subsystem/sub_system_i/mdm_1/U0/MDM_Core_I1/JTAG_CONTROL_I/Test_Access_Port.BUFG_DRCK/Using_FPGA.Native_0   |                                                                                                                                                                                           |                                                                                                                                                       |               21 |             59 |         2.81 |
|  u_subsystem/sub_system_i/clk_wiz_1/inst/clk_out1                                                              | u_bram_writer/bram_addr[31]_i_1_n_0                                                                                                                                                       | u_subsystem/pl_rst                                                                                                                                    |               16 |             62 |         3.88 |
|  u_subsystem/sub_system_i/clk_wiz_1/inst/clk_out1                                                              |                                                                                                                                                                                           | u_subsystem/sub_system_i/axi_gpio_1/U0/AXI_LITE_IPIF_I/I_SLAVE_ATTACHMENT/I_DECODER/bus2ip_rnw_i_reg_0                                                |               21 |             64 |         3.05 |
|  u_subsystem/sub_system_i/clk_wiz_1/inst/clk_out1                                                              |                                                                                                                                                                                           | u_subsystem/sub_system_i/axi_gpio_0/U0/AXI_LITE_IPIF_I/I_SLAVE_ATTACHMENT/I_DECODER/bus2ip_rnw_i_reg_0                                                |               14 |             64 |         4.57 |
|  u_subsystem/sub_system_i/clk_wiz_1/inst/clk_out1                                                              | u_subsystem/sub_system_i/microblaze_riscv_0_axi_intc/U0/AXI_LITE_IPIF_I/I_SLAVE_ATTACHMENT/I_DECODER/bus2ip_wrce[0]                                                                       |                                                                                                                                                       |                8 |             64 |         8.00 |
|  u_subsystem/sub_system_i/clk_wiz_1/inst/clk_out1                                                              |                                                                                                                                                                                           | u_subsystem/sub_system_i/microblaze_riscv_0/U0/riscv_core_I/sync_reset                                                                                |               37 |            108 |         2.92 |
|  u_subsystem/sub_system_i/clk_wiz_1/inst/clk_out1                                                              | u_subsystem/sub_system_i/microblaze_riscv_0/U0/riscv_core_I/Base.Core/Decode_I/Using_FPGA_2.ex_load_store_instr_Inst/Serial_Dbg_Intf.register_write_cmd_reg                               |                                                                                                                                                       |               16 |            128 |         8.00 |
|  u_subsystem/sub_system_i/clk_wiz_1/inst/clk_out1                                                              |                                                                                                                                                                                           | u_subsystem/sub_system_i/axi_gpio_1/U0/AXI_LITE_IPIF_I/I_SLAVE_ATTACHMENT/SR[0]                                                                       |               41 |            131 |         3.20 |
|  u_subsystem/sub_system_i/clk_wiz_1/inst/clk_out1                                                              | u_subsystem/sub_system_i/microblaze_riscv_0/U0/riscv_core_I/Base.Core/Decode_I/Use_MuxCy[11].OF_Piperun_Stage/MUXCY_I/lopt_1                                                              | u_subsystem/sub_system_i/microblaze_riscv_0/U0/riscv_core_I/sync_reset                                                                                |               67 |            199 |         2.97 |
|  u_subsystem/sub_system_i/clk_wiz_1/inst/clk_out1                                                              |                                                                                                                                                                                           |                                                                                                                                                       |              165 |            608 |         3.68 |
|  u_subsystem/sub_system_i/clk_wiz_1/inst/clk_out1                                                              | u_subsystem/bbstub_gpio_io_o[5]                                                                                                                                                           | u_subsystem/pl_rst                                                                                                                                    |              372 |           1472 |         3.96 |
+----------------------------------------------------------------------------------------------------------------+-------------------------------------------------------------------------------------------------------------------------------------------------------------------------------------------+-------------------------------------------------------------------------------------------------------------------------------------------------------+------------------+----------------+--------------+


