Copyright 1986-2022 Xilinx, Inc. All Rights Reserved. Copyright 2022-2025 Advanced Micro Devices, Inc. All Rights Reserved.
-----------------------------------------------------------------------------------------------------------------------------------------------
| Tool Version : Vivado v.2025.1 (win64) Build 6140274 Thu May 22 00:12:29 MDT 2025
| Date         : Tue May 12 16:42:37 2026
| Host         : IC-5CG4104D9F running 64-bit major release  (build 9200)
| Command      : report_methodology -file top_methodology_drc_routed.rpt -pb top_methodology_drc_routed.pb -rpx top_methodology_drc_routed.rpx
| Design       : top
| Device       : xc7a200tsbg484-1
| Speed File   : -1
| Design State : Fully Routed
-----------------------------------------------------------------------------------------------------------------------------------------------

Report Methodology

Table of Contents
-----------------
1. REPORT SUMMARY
2. REPORT DETAILS

1. REPORT SUMMARY
-----------------
            Netlist: netlist
          Floorplan: design_1
      Design limits: <entire design considered>
             Max checks: <unlimited>
             Checks found: 5
+----------+----------+--------------------------------------------------------+--------+
| Rule     | Severity | Description                                            | Checks |
+----------+----------+--------------------------------------------------------+--------+
| LUTAR-1  | Warning  | LUT drives async reset alert                           | 2      |
| TIMING-9 | Warning  | Unknown CDC Logic                                      | 1      |
| XDCC-1   | Warning  | Scoped Clock constraint overwritten with the same name | 1      |
| XDCC-7   | Warning  | Scoped Clock constraint overwritten on the same source | 1      |
+----------+----------+--------------------------------------------------------+--------+

2. REPORT DETAILS
-----------------
LUTAR-1#1 Warning
LUT drives async reset alert  
LUT cell u_subsystem/sub_system_i/microblaze_riscv_0/U0/riscv_core_I/Base.Core/Decode_I/Use_MuxCy[5].OF_Piperun_Stage/MUXCY_I/Serial_Dbg_Intf.abstractcs_busy_rst_i_i_1, with 2 or more inputs, drives asynchronous preset/clear pin(s) u_subsystem/sub_system_i/microblaze_riscv_0/U0/riscv_core_I/Base.Core/Use_Debug_Logic.Master_Core.Debug_Perf/Serial_Dbg_Intf.abstractcs_busy_reg/CLR. The LUT may glitch and trigger an unexpected reset, even if it is a properly timed path.
Related violations: <none>

LUTAR-1#2 Warning
LUT drives async reset alert  
LUT cell u_subsystem/sub_system_i/microblaze_riscv_0/U0/riscv_core_I/Base.Core/Use_Debug_Logic.Master_Core.Debug_Perf/Serial_Dbg_Intf.resume_rst_i_i_1, with 2 or more inputs, drives asynchronous preset/clear pin(s) u_subsystem/sub_system_i/microblaze_riscv_0/U0/riscv_core_I/Base.Core/Use_Debug_Logic.Master_Core.Debug_Perf/Serial_Dbg_Intf.resumeack_reg/PRE. The LUT may glitch and trigger an unexpected reset, even if it is a properly timed path.
Related violations: <none>

TIMING-9#1 Warning
Unknown CDC Logic  
One or more asynchronous Clock Domain Crossing has been detected between 2 clock domains through a set_false_path or a set_clock_groups or set_max_delay -datapath_only constraint but no double-registers logic synchronizer has been found on the side of the capture clock. It is recommended to run report_cdc for a complete and detailed CDC coverage. Please consider using XPM_CDC to avoid Critical severities
Related violations: <none>

XDCC-1#1 Warning
Scoped Clock constraint overwritten with the same name  
A new clock constraint create_clock overrides a previous scoped clock constraint with the same name. It is not recommended to override a scoped (typically an IP) clock constraint and could result in unexpected behaviors.
New: create_clock -period 10.000 -waveform {0.000 5.000} [get_ports i_clk] (Source: C:/FPGA/UART_FIR/UART_FIR/UART_FIR.srcs/constrs_1/imports/UART_FIR/Nexys-Video-Master.xdc (Line: 9))
Previous: create_clock -period 10.000 [get_ports i_clk] (Source: c:/FPGA/UART_FIR/UART_FIR/UART_FIR.gen/sources_1/bd/sub_system/ip/sub_system_clk_wiz_1_4/sub_system_clk_wiz_1_4.xdc (Line: 53))
Related violations: <none>

XDCC-7#1 Warning
Scoped Clock constraint overwritten on the same source  
A new clock constraint create_clock overrides a previous scoped clock constraint defined on the same source. It is not recommended to override a scoped (typically an IP) clock constraint and could result in unexpected behaviors.
New: create_clock -period 10.000 -waveform {0.000 5.000} [get_ports i_clk] (Source: C:/FPGA/UART_FIR/UART_FIR/UART_FIR.srcs/constrs_1/imports/UART_FIR/Nexys-Video-Master.xdc (Line: 9))
Previous: create_clock -period 10.000 [get_ports i_clk] (Source: c:/FPGA/UART_FIR/UART_FIR/UART_FIR.gen/sources_1/bd/sub_system/ip/sub_system_clk_wiz_1_4/sub_system_clk_wiz_1_4.xdc (Line: 53))
Related violations: <none>


