Copyright 1986-2022 Xilinx, Inc. All Rights Reserved. Copyright 2022-2025 Advanced Micro Devices, Inc. All Rights Reserved.
---------------------------------------------------------------------------------------------------------------------------------------------
| Tool Version : Vivado v.2025.1 (win64) Build 6140274 Thu May 22 00:12:29 MDT 2025
| Date         : Tue May 12 16:42:42 2026
| Host         : IC-5CG4104D9F running 64-bit major release  (build 9200)
| Command      : report_clock_utilization -file top_clock_utilization_routed.rpt
| Design       : top
| Device       : 7a200t-sbg484
| Speed File   : -1  PRODUCTION 1.23 2018-06-13
| Design State : Routed
---------------------------------------------------------------------------------------------------------------------------------------------

Clock Utilization Report

Table of Contents
-----------------
1. Clock Primitive Utilization
2. Global Clock Resources
3. Global Clock Source Details
4. Clock Regions: Key Resource Utilization
5. Clock Regions : Global Clock Summary
6. Device Cell Placement Summary for Global Clock g0
7. Device Cell Placement Summary for Global Clock g1
8. Device Cell Placement Summary for Global Clock g2
9. Device Cell Placement Summary for Global Clock g3
10. Device Cell Placement Summary for Global Clock g4
11. Device Cell Placement Summary for Global Clock g5
12. Clock Region Cell Placement per Global Clock: Region X0Y2
13. Clock Region Cell Placement per Global Clock: Region X1Y2
14. Clock Region Cell Placement per Global Clock: Region X0Y3
15. Clock Region Cell Placement per Global Clock: Region X1Y3

1. Clock Primitive Utilization
------------------------------

+----------+------+-----------+-----+--------------+--------+
| Type     | Used | Available | LOC | Clock Region | Pblock |
+----------+------+-----------+-----+--------------+--------+
| BUFGCTRL |    6 |        32 |   0 |            0 |      0 |
| BUFH     |    0 |       120 |   0 |            0 |      0 |
| BUFIO    |    0 |        40 |   0 |            0 |      0 |
| BUFMR    |    0 |        20 |   0 |            0 |      0 |
| BUFR     |    0 |        40 |   0 |            0 |      0 |
| MMCM     |    1 |        10 |   0 |            0 |      0 |
| PLL      |    0 |        10 |   0 |            0 |      0 |
+----------+------+-----------+-----+--------------+--------+


2. Global Clock Resources
-------------------------

+-----------+-----------+-----------------+------------+---------------+--------------+-------------------+-------------+-----------------+--------------+---------------------------------------------------------------------------------------------------------------+---------------------------------------------------------------------------------------------------------------+---------------------------------------------------------------------------------------------------------------+
| Global Id | Source Id | Driver Type/Pin | Constraint | Site          | Clock Region | Load Clock Region | Clock Loads | Non-Clock Loads | Clock Period | Clock                                                                                                         | Driver Pin                                                                                                    | Net                                                                                                           |
+-----------+-----------+-----------------+------------+---------------+--------------+-------------------+-------------+-----------------+--------------+---------------------------------------------------------------------------------------------------------------+---------------------------------------------------------------------------------------------------------------+---------------------------------------------------------------------------------------------------------------+
| g0        | src0      | BUFG/O          | None       | BUFGCTRL_X0Y2 | n/a          |                 4 |        4221 |               0 |       10.000 | clk_out1_sub_system_clk_wiz_1_4                                                                               | u_subsystem/sub_system_i/clk_wiz_1/inst/clkout1_buf/O                                                         | u_subsystem/sub_system_i/clk_wiz_1/inst/clk_out1                                                              |
| g1        | src1      | BUFGCTRL/O      | None       | BUFGCTRL_X0Y0 | n/a          |                 2 |         202 |               0 |       33.333 | u_subsystem/sub_system_i/mdm_1/U0/Use_E2.BSCAN_I/Use_E2.BSCANE2_I/TCK                                         | u_subsystem/sub_system_i/mdm_1/U0/MDM_Core_I1/JTAG_CONTROL_I/Test_Access_Port.BUFG_DRCK/Using_FPGA.Native/O   | u_subsystem/sub_system_i/mdm_1/U0/MDM_Core_I1/JTAG_CONTROL_I/Test_Access_Port.BUFG_DRCK/Using_FPGA.Native_0   |
| g1        | src2      | BUFGCTRL/O      | None       | BUFGCTRL_X0Y0 | n/a          |                 2 |         202 |               0 |       33.333 | u_subsystem/sub_system_i/mdm_1/U0/Use_E2.BSCAN_I/Use_E2.BSCANE2_I/TCK                                         | u_subsystem/sub_system_i/mdm_1/U0/MDM_Core_I1/JTAG_CONTROL_I/Test_Access_Port.BUFG_DRCK/Using_FPGA.Native/O   | u_subsystem/sub_system_i/mdm_1/U0/MDM_Core_I1/JTAG_CONTROL_I/Test_Access_Port.BUFG_DRCK/Using_FPGA.Native_0   |
| g2        | src3      | BUFG/O          | None       | BUFGCTRL_X0Y3 | n/a          |                 3 |          99 |               0 |       66.666 | u_subsystem/sub_system_i/mdm_1/U0/MDM_Core_I1/JTAG_CONTROL_I/Test_Access_Port.BUFG_UPDATE/Using_FPGA.Native/O | u_subsystem/sub_system_i/mdm_1/U0/MDM_Core_I1/JTAG_CONTROL_I/Test_Access_Port.BUFG_UPDATE/Using_FPGA.Native/O | u_subsystem/sub_system_i/mdm_1/U0/MDM_Core_I1/JTAG_CONTROL_I/Test_Access_Port.BUFG_UPDATE/Using_FPGA.Native_0 |
| g3        | src1      | BUFG/O          | None       | BUFGCTRL_X0Y4 | n/a          |                 1 |          51 |               0 |       33.333 | u_subsystem/sub_system_i/mdm_1/U0/Use_E2.BSCAN_I/Use_E2.BSCANE2_I/TCK                                         | u_subsystem/sub_system_i/mdm_1/U0/Use_E2.BSCAN_I/tck_BUFG_inst/O                                              | u_subsystem/sub_system_i/mdm_1/U0/Use_E2.BSCAN_I/tck_BUFG                                                     |
| g4        | src1      | BUFGCTRL/O      | None       | BUFGCTRL_X0Y1 | n/a          |                 2 |          32 |               0 |       33.333 | u_subsystem/sub_system_i/mdm_1/U0/Use_E2.BSCAN_I/Use_E2.BSCANE2_I/TCK                                         | u_subsystem/sub_system_i/mdm_1/U0/Use_JTAG_BSCAN.BUFG_JTAG_TCK/Using_FPGA.Native/O                            | u_subsystem/sub_system_i/mdm_1/U0/Use_JTAG_BSCAN.BUFG_JTAG_TCK/Use_JTAG_BSCAN.tck_int                         |
| g5        | src4      | BUFG/O          | None       | BUFGCTRL_X0Y5 | n/a          |                 1 |           1 |               0 |       10.000 | clkfbout_sub_system_clk_wiz_1_4                                                                               | u_subsystem/sub_system_i/clk_wiz_1/inst/clkf_buf/O                                                            | u_subsystem/sub_system_i/clk_wiz_1/inst/clkfbout_buf_sub_system_clk_wiz_1_4                                   |
+-----------+-----------+-----------------+------------+---------------+--------------+-------------------+-------------+-----------------+--------------+---------------------------------------------------------------------------------------------------------------+---------------------------------------------------------------------------------------------------------------+---------------------------------------------------------------------------------------------------------------+
* Clock Loads column represents cell count of net connects that connect to a clock pin. Internal cell leaf pins are not considered
** Non-Clock Loads column represents cell count of non-clock pin loads


3. Global Clock Source Details
------------------------------

+-----------+-----------+---------------------+------------+-----------------+--------------+-------------+-----------------+---------------------+-----------------------------------------------------------------------+--------------------------------------------------------------------------------------------------+-----------------------------------------------------------------------------------------------+
| Source Id | Global Id | Driver Type/Pin     | Constraint | Site            | Clock Region | Clock Loads | Non-Clock Loads | Source Clock Period | Source Clock                                                          | Driver Pin                                                                                       | Net                                                                                           |
+-----------+-----------+---------------------+------------+-----------------+--------------+-------------+-----------------+---------------------+-----------------------------------------------------------------------+--------------------------------------------------------------------------------------------------+-----------------------------------------------------------------------------------------------+
| src0      | g0        | MMCME2_ADV/CLKOUT0  | None       | MMCME2_ADV_X1Y2 | X1Y2         |           1 |               0 |              10.000 | clk_out1_sub_system_clk_wiz_1_4                                       | u_subsystem/sub_system_i/clk_wiz_1/inst/mmcm_adv_inst/CLKOUT0                                    | u_subsystem/sub_system_i/clk_wiz_1/inst/clk_out1_sub_system_clk_wiz_1_4                       |
| src1      | g1        | BUFGCTRL/O          | None       | BUFGCTRL_X0Y1   | n/a          |          32 |               0 |              33.333 | u_subsystem/sub_system_i/mdm_1/U0/Use_E2.BSCAN_I/Use_E2.BSCANE2_I/TCK | u_subsystem/sub_system_i/mdm_1/U0/Use_JTAG_BSCAN.BUFG_JTAG_TCK/Using_FPGA.Native/O               | u_subsystem/sub_system_i/mdm_1/U0/Use_JTAG_BSCAN.BUFG_JTAG_TCK/Use_JTAG_BSCAN.tck_int         |
| src1      | g3        | BSCANE2/TCK         | None       | BSCAN_X0Y1      | X0Y2         |           2 |               0 |              33.333 | u_subsystem/sub_system_i/mdm_1/U0/Use_E2.BSCAN_I/Use_E2.BSCANE2_I/TCK | u_subsystem/sub_system_i/mdm_1/U0/Use_E2.BSCAN_I/Use_E2.BSCANE2_I/TCK                            | u_subsystem/sub_system_i/mdm_1/U0/Use_E2.BSCAN_I/tck                                          |
| src1      | g4        | BSCANE2/TCK         | None       | BSCAN_X0Y1      | X0Y2         |           2 |               0 |              33.333 | u_subsystem/sub_system_i/mdm_1/U0/Use_E2.BSCAN_I/Use_E2.BSCANE2_I/TCK | u_subsystem/sub_system_i/mdm_1/U0/Use_E2.BSCAN_I/Use_E2.BSCANE2_I/TCK                            | u_subsystem/sub_system_i/mdm_1/U0/Use_E2.BSCAN_I/tck                                          |
| src2      | g1        | VCC/P               | None       |                 | n/a          |           0 |               0 |                     |                                                                       | u_subsystem/sub_system_i/mdm_1/U0/MDM_Core_I1/JTAG_CONTROL_I/Test_Access_Port.BUFG_DRCK/VCC/P    | u_subsystem/sub_system_i/mdm_1/U0/MDM_Core_I1/JTAG_CONTROL_I/Test_Access_Port.BUFG_DRCK/VCC_1 |
| src3      | g2        | FDRE/Q              | None       | SLICE_X92Y157   | X1Y3         |           1 |               0 |                     |                                                                       | u_subsystem/sub_system_i/mdm_1/U0/MDM_Core_I1/JTAG_CONTROL_I/Test_Access_Port.update_unbuf_reg/Q | u_subsystem/sub_system_i/mdm_1/U0/MDM_Core_I1/JTAG_CONTROL_I/Test_Access_Port.update_unbuf    |
| src4      | g5        | MMCME2_ADV/CLKFBOUT | None       | MMCME2_ADV_X1Y2 | X1Y2         |           1 |               0 |              10.000 | clkfbout_sub_system_clk_wiz_1_4                                       | u_subsystem/sub_system_i/clk_wiz_1/inst/mmcm_adv_inst/CLKFBOUT                                   | u_subsystem/sub_system_i/clk_wiz_1/inst/clkfbout_sub_system_clk_wiz_1_4                       |
+-----------+-----------+---------------------+------------+-----------------+--------------+-------------+-----------------+---------------------+-----------------------------------------------------------------------+--------------------------------------------------------------------------------------------------+-----------------------------------------------------------------------------------------------+
* Clock Loads column represents cell count of net connects that connect to a clock pin. Internal cell leaf pins are not considered
** Non-Clock Loads column represents cell count of non-clock pin loads


4. Clock Regions: Key Resource Utilization
------------------------------------------

+-------------------+--------------+--------------+--------------+--------------+--------------+--------------+--------------+--------------+--------------+--------------+--------------+--------------+--------------+--------------+--------------+
|                   | Global Clock |     BUFRs    |    BUFMRs    |    BUFIOs    |     MMCM     |      PLL     |      GT      |      PCI     |    ILOGIC    |    OLOGIC    |      FF      |     LUTM     |    RAMB18    |    RAMB36    |    DSP48E2   |
+-------------------+------+-------+------+-------+------+-------+------+-------+------+-------+------+-------+------+-------+------+-------+------+-------+------+-------+------+-------+------+-------+------+-------+------+-------+------+-------+
| Clock Region Name | Used | Avail | Used | Avail | Used | Avail | Used | Avail | Used | Avail | Used | Avail | Used | Avail | Used | Avail | Used | Avail | Used | Avail | Used | Avail | Used | Avail | Used | Avail | Used | Avail | Used | Avail |
+-------------------+------+-------+------+-------+------+-------+------+-------+------+-------+------+-------+------+-------+------+-------+------+-------+------+-------+------+-------+------+-------+------+-------+------+-------+------+-------+
| X0Y0              |    0 |    12 |    0 |     4 |    0 |     2 |    0 |     4 |    0 |     1 |    0 |     1 |    0 |     4 |    0 |     0 |    0 |    50 |    0 |    50 |    0 |  2700 |    0 |   800 |    0 |    60 |    0 |    30 |    0 |    60 |
| X1Y0              |    0 |    12 |    0 |     4 |    0 |     2 |    0 |     4 |    0 |     1 |    0 |     1 |    0 |     4 |    0 |     0 |    0 |    50 |    0 |    50 |    0 |  2500 |    0 |   800 |    0 |    40 |    0 |    20 |    0 |    40 |
| X0Y1              |    0 |    12 |    0 |     4 |    0 |     2 |    0 |     4 |    0 |     1 |    0 |     1 |    0 |     0 |    0 |     0 |    0 |    50 |    0 |    50 |    0 |  4200 |    0 |  1400 |    0 |   100 |    0 |    50 |    0 |   100 |
| X1Y1              |    0 |    12 |    0 |     4 |    0 |     2 |    0 |     4 |    0 |     1 |    0 |     1 |    0 |     0 |    0 |     0 |    0 |    50 |    0 |    50 |    0 |  4000 |    0 |  1400 |    0 |    80 |    0 |    40 |    0 |    80 |
| X0Y2              |    2 |    12 |    0 |     4 |    0 |     2 |    0 |     4 |    0 |     1 |    0 |     1 |    0 |     0 |    0 |     0 |    0 |    50 |    0 |    50 | 2906 |  3600 | 1218 |  1400 |    0 |   100 |    6 |    50 |   20 |   100 |
| X1Y2              |    4 |    12 |    0 |     4 |    0 |     2 |    0 |     4 |    1 |     1 |    0 |     1 |    0 |     0 |    0 |     0 |    0 |    50 |    0 |    50 |  846 |  4000 |  393 |  1400 |    0 |    80 |    0 |    40 |    0 |    80 |
| X0Y3              |    1 |    12 |    0 |     4 |    0 |     2 |    0 |     4 |    0 |     1 |    0 |     1 |    0 |     0 |    0 |     0 |    0 |    50 |    0 |    50 |  378 |  3600 |  197 |  1400 |    0 |   100 |    0 |    50 |    0 |   100 |
| X1Y3              |    5 |    12 |    0 |     4 |    0 |     2 |    0 |     4 |    0 |     1 |    0 |     1 |    0 |     0 |    0 |     0 |    0 |    50 |    0 |    50 |  327 |  4000 |  174 |  1400 |    0 |    80 |    0 |    40 |    0 |    80 |
| X0Y4              |    0 |    12 |    0 |     4 |    0 |     2 |    0 |     4 |    0 |     1 |    0 |     1 |    0 |     4 |    0 |     1 |    0 |    50 |    0 |    50 |    0 |  2550 |    0 |   750 |    0 |    50 |    0 |    25 |    0 |    60 |
| X1Y4              |    0 |    12 |    0 |     4 |    0 |     2 |    0 |     4 |    0 |     1 |    0 |     1 |    0 |     4 |    0 |     0 |    0 |    50 |    0 |    50 |    0 |  2500 |    0 |   800 |    0 |    40 |    0 |    20 |    0 |    40 |
+-------------------+------+-------+------+-------+------+-------+------+-------+------+-------+------+-------+------+-------+------+-------+------+-------+------+-------+------+-------+------+-------+------+-------+------+-------+------+-------+
* Global Clock column represents track count; while other columns represents cell counts


5. Clock Regions : Global Clock Summary
---------------------------------------

All Modules
+----+----+----+
|    | X0 | X1 |
+----+----+----+
| Y4 |  0 |  0 |
| Y3 |  0 |  0 |
| Y2 |  0 |  0 |
| Y1 |  0 |  0 |
| Y0 |  0 |  0 |
+----+----+----+


6. Device Cell Placement Summary for Global Clock g0
----------------------------------------------------

+-----------+-----------------+-------------------+---------------------------------+-------------+---------------+-------------+----------+----------------+----------+--------------------------------------------------+
| Global Id | Driver Type/Pin | Driver Region (D) | Clock                           | Period (ns) | Waveform (ns) | Slice Loads | IO Loads | Clocking Loads | GT Loads | Net                                              |
+-----------+-----------------+-------------------+---------------------------------+-------------+---------------+-------------+----------+----------------+----------+--------------------------------------------------+
| g0        | BUFG/O          | n/a               | clk_out1_sub_system_clk_wiz_1_4 |      10.000 | {0.000 5.000} |        4173 |        0 |              0 |        0 | u_subsystem/sub_system_i/clk_wiz_1/inst/clk_out1 |
+-----------+-----------------+-------------------+---------------------------------+-------------+---------------+-------------+----------+----------------+----------+--------------------------------------------------+
* Slice Loads column represents load cell count of all cell types other than IO, GT and clock resources
** IO Loads column represents load cell count of IO types
*** Clocking Loads column represents load cell count that are clock resources (global clock buffer, MMCM, PLL, etc)
**** GT Loads column represents load cell count of GT types


+----+-------+------+-----------------------+
|    | X0    | X1   | HORIZONTAL PROG DELAY |
+----+-------+------+-----------------------+
| Y4 |     0 |    0 |                     - |
| Y3 |   396 |  108 |                     0 |
| Y2 |  2946 |  723 |                     0 |
| Y1 |     0 |    0 |                     - |
| Y0 |     0 |    0 |                     - |
+----+-------+------+-----------------------+


7. Device Cell Placement Summary for Global Clock g1
----------------------------------------------------

+-----------+-----------------+-------------------+-----------------------------------------------------------------------+-------------+----------------+-------------+----------+----------------+----------+-------------------------------------------------------------------------------------------------------------+
| Global Id | Driver Type/Pin | Driver Region (D) | Clock                                                                 | Period (ns) | Waveform (ns)  | Slice Loads | IO Loads | Clocking Loads | GT Loads | Net                                                                                                         |
+-----------+-----------------+-------------------+-----------------------------------------------------------------------+-------------+----------------+-------------+----------+----------------+----------+-------------------------------------------------------------------------------------------------------------+
| g1        | BUFGCTRL/O      | n/a               | u_subsystem/sub_system_i/mdm_1/U0/Use_E2.BSCAN_I/Use_E2.BSCANE2_I/TCK |      33.333 | {0.000 16.667} |         202 |        0 |              0 |        0 | u_subsystem/sub_system_i/mdm_1/U0/MDM_Core_I1/JTAG_CONTROL_I/Test_Access_Port.BUFG_DRCK/Using_FPGA.Native_0 |
+-----------+-----------------+-------------------+-----------------------------------------------------------------------+-------------+----------------+-------------+----------+----------------+----------+-------------------------------------------------------------------------------------------------------------+
* Slice Loads column represents load cell count of all cell types other than IO, GT and clock resources
** IO Loads column represents load cell count of IO types
*** Clocking Loads column represents load cell count that are clock resources (global clock buffer, MMCM, PLL, etc)
**** GT Loads column represents load cell count of GT types


+----+----+------+-----------------------+
|    | X0 | X1   | HORIZONTAL PROG DELAY |
+----+----+------+-----------------------+
| Y4 |  0 |    0 |                     - |
| Y3 |  0 |  129 |                     0 |
| Y2 |  0 |   73 |                     0 |
| Y1 |  0 |    0 |                     - |
| Y0 |  0 |    0 |                     - |
+----+----+------+-----------------------+


8. Device Cell Placement Summary for Global Clock g2
----------------------------------------------------

+-----------+-----------------+-------------------+---------------------------------------------------------------------------------------------------------------+-------------+----------------+-------------+----------+----------------+----------+---------------------------------------------------------------------------------------------------------------+
| Global Id | Driver Type/Pin | Driver Region (D) | Clock                                                                                                         | Period (ns) | Waveform (ns)  | Slice Loads | IO Loads | Clocking Loads | GT Loads | Net                                                                                                           |
+-----------+-----------------+-------------------+---------------------------------------------------------------------------------------------------------------+-------------+----------------+-------------+----------+----------------+----------+---------------------------------------------------------------------------------------------------------------+
| g2        | BUFG/O          | n/a               | u_subsystem/sub_system_i/mdm_1/U0/MDM_Core_I1/JTAG_CONTROL_I/Test_Access_Port.BUFG_UPDATE/Using_FPGA.Native/O |      66.666 | {0.000 33.333} |          99 |        0 |              0 |        0 | u_subsystem/sub_system_i/mdm_1/U0/MDM_Core_I1/JTAG_CONTROL_I/Test_Access_Port.BUFG_UPDATE/Using_FPGA.Native_0 |
+-----------+-----------------+-------------------+---------------------------------------------------------------------------------------------------------------+-------------+----------------+-------------+----------+----------------+----------+---------------------------------------------------------------------------------------------------------------+
* Slice Loads column represents load cell count of all cell types other than IO, GT and clock resources
** IO Loads column represents load cell count of IO types
*** Clocking Loads column represents load cell count that are clock resources (global clock buffer, MMCM, PLL, etc)
**** GT Loads column represents load cell count of GT types


+----+----+-----+-----------------------+
|    | X0 | X1  | HORIZONTAL PROG DELAY |
+----+----+-----+-----------------------+
| Y4 |  0 |   0 |                     - |
| Y3 |  0 |  14 |                     0 |
| Y2 |  3 |  82 |                     0 |
| Y1 |  0 |   0 |                     - |
| Y0 |  0 |   0 |                     - |
+----+----+-----+-----------------------+


9. Device Cell Placement Summary for Global Clock g3
----------------------------------------------------

+-----------+-----------------+-------------------+-----------------------------------------------------------------------+-------------+----------------+-------------+----------+----------------+----------+-----------------------------------------------------------+
| Global Id | Driver Type/Pin | Driver Region (D) | Clock                                                                 | Period (ns) | Waveform (ns)  | Slice Loads | IO Loads | Clocking Loads | GT Loads | Net                                                       |
+-----------+-----------------+-------------------+-----------------------------------------------------------------------+-------------+----------------+-------------+----------+----------------+----------+-----------------------------------------------------------+
| g3        | BUFG/O          | n/a               | u_subsystem/sub_system_i/mdm_1/U0/Use_E2.BSCAN_I/Use_E2.BSCANE2_I/TCK |      33.333 | {0.000 16.667} |          51 |        0 |              0 |        0 | u_subsystem/sub_system_i/mdm_1/U0/Use_E2.BSCAN_I/tck_BUFG |
+-----------+-----------------+-------------------+-----------------------------------------------------------------------+-------------+----------------+-------------+----------+----------------+----------+-----------------------------------------------------------+
* Slice Loads column represents load cell count of all cell types other than IO, GT and clock resources
** IO Loads column represents load cell count of IO types
*** Clocking Loads column represents load cell count that are clock resources (global clock buffer, MMCM, PLL, etc)
**** GT Loads column represents load cell count of GT types


+----+----+-----+-----------------------+
|    | X0 | X1  | HORIZONTAL PROG DELAY |
+----+----+-----+-----------------------+
| Y4 |  0 |   0 |                     - |
| Y3 |  0 |  51 |                     0 |
| Y2 |  0 |   0 |                     - |
| Y1 |  0 |   0 |                     - |
| Y0 |  0 |   0 |                     - |
+----+----+-----+-----------------------+


10. Device Cell Placement Summary for Global Clock g4
-----------------------------------------------------

+-----------+-----------------+-------------------+-----------------------------------------------------------------------+-------------+----------------+-------------+----------+----------------+----------+---------------------------------------------------------------------------------------+
| Global Id | Driver Type/Pin | Driver Region (D) | Clock                                                                 | Period (ns) | Waveform (ns)  | Slice Loads | IO Loads | Clocking Loads | GT Loads | Net                                                                                   |
+-----------+-----------------+-------------------+-----------------------------------------------------------------------+-------------+----------------+-------------+----------+----------------+----------+---------------------------------------------------------------------------------------+
| g4        | BUFGCTRL/O      | n/a               | u_subsystem/sub_system_i/mdm_1/U0/Use_E2.BSCAN_I/Use_E2.BSCANE2_I/TCK |      33.333 | {0.000 16.667} |          31 |        0 |              1 |        0 | u_subsystem/sub_system_i/mdm_1/U0/Use_JTAG_BSCAN.BUFG_JTAG_TCK/Use_JTAG_BSCAN.tck_int |
+-----------+-----------------+-------------------+-----------------------------------------------------------------------+-------------+----------------+-------------+----------+----------------+----------+---------------------------------------------------------------------------------------+
* Slice Loads column represents load cell count of all cell types other than IO, GT and clock resources
** IO Loads column represents load cell count of IO types
*** Clocking Loads column represents load cell count that are clock resources (global clock buffer, MMCM, PLL, etc)
**** GT Loads column represents load cell count of GT types


+----+----+-----+-----------------------+
|    | X0 | X1  | HORIZONTAL PROG DELAY |
+----+----+-----+-----------------------+
| Y4 |  0 |   0 |                     - |
| Y3 |  0 |  31 |                     0 |
| Y2 |  0 |   0 |                     - |
| Y1 |  0 |   0 |                     - |
| Y0 |  0 |   0 |                     - |
+----+----+-----+-----------------------+


11. Device Cell Placement Summary for Global Clock g5
-----------------------------------------------------

+-----------+-----------------+-------------------+---------------------------------+-------------+---------------+-------------+----------+----------------+----------+-----------------------------------------------------------------------------+
| Global Id | Driver Type/Pin | Driver Region (D) | Clock                           | Period (ns) | Waveform (ns) | Slice Loads | IO Loads | Clocking Loads | GT Loads | Net                                                                         |
+-----------+-----------------+-------------------+---------------------------------+-------------+---------------+-------------+----------+----------------+----------+-----------------------------------------------------------------------------+
| g5        | BUFG/O          | n/a               | clkfbout_sub_system_clk_wiz_1_4 |      10.000 | {0.000 5.000} |           0 |        0 |              1 |        0 | u_subsystem/sub_system_i/clk_wiz_1/inst/clkfbout_buf_sub_system_clk_wiz_1_4 |
+-----------+-----------------+-------------------+---------------------------------+-------------+---------------+-------------+----------+----------------+----------+-----------------------------------------------------------------------------+
* Slice Loads column represents load cell count of all cell types other than IO, GT and clock resources
** IO Loads column represents load cell count of IO types
*** Clocking Loads column represents load cell count that are clock resources (global clock buffer, MMCM, PLL, etc)
**** GT Loads column represents load cell count of GT types


+----+----+----+-----------------------+
|    | X0 | X1 | HORIZONTAL PROG DELAY |
+----+----+----+-----------------------+
| Y4 |  0 |  0 |                     - |
| Y3 |  0 |  0 |                     - |
| Y2 |  0 |  1 |                     0 |
| Y1 |  0 |  0 |                     - |
| Y0 |  0 |  0 |                     - |
+----+----+----+-----------------------+


12. Clock Region Cell Placement per Global Clock: Region X0Y2
-------------------------------------------------------------

+-----------+-------+-----------------+------------+-------------+-----------------+------+-------------+------+-----+----+------+-----+---------+---------------------------------------------------------------------------------------------------------------+
| Global Id | Track | Driver Type/Pin | Constraint | Clock Loads | Non-Clock Loads | FF   | Memory LUTs | RAMB | DSP | GT | MMCM | PLL | Hard IP | Net                                                                                                           |
+-----------+-------+-----------------+------------+-------------+-----------------+------+-------------+------+-----+----+------+-----+---------+---------------------------------------------------------------------------------------------------------------+
| g0        | n/a   | BUFG/O          | None       |        2946 |               0 | 2903 |          17 |    6 |  20 |  0 |    0 |   0 |       0 | u_subsystem/sub_system_i/clk_wiz_1/inst/clk_out1                                                              |
| g2        | n/a   | BUFG/O          | None       |           3 |               0 |    3 |           0 |    0 |   0 |  0 |    0 |   0 |       0 | u_subsystem/sub_system_i/mdm_1/U0/MDM_Core_I1/JTAG_CONTROL_I/Test_Access_Port.BUFG_UPDATE/Using_FPGA.Native_0 |
+-----------+-------+-----------------+------------+-------------+-----------------+------+-------------+------+-----+----+------+-----+---------+---------------------------------------------------------------------------------------------------------------+
* Clock Loads column represents cell count of net connects that connect to a clock pin. Internal cell leaf pins are not considered
** Non-Clock Loads column represents cell count of non-clock pin loads
*** Columns FF, LUTRAM, RAMB through 'Hard IP' represents load cell counts


13. Clock Region Cell Placement per Global Clock: Region X1Y2
-------------------------------------------------------------

+-----------+-------+-----------------+------------+-------------+-----------------+-----+-------------+------+-----+----+------+-----+---------+---------------------------------------------------------------------------------------------------------------+
| Global Id | Track | Driver Type/Pin | Constraint | Clock Loads | Non-Clock Loads | FF  | Memory LUTs | RAMB | DSP | GT | MMCM | PLL | Hard IP | Net                                                                                                           |
+-----------+-------+-----------------+------------+-------------+-----------------+-----+-------------+------+-----+----+------+-----+---------+---------------------------------------------------------------------------------------------------------------+
| g0        | n/a   | BUFG/O          | None       |         723 |               0 | 691 |          32 |    0 |   0 |  0 |    0 |   0 |       0 | u_subsystem/sub_system_i/clk_wiz_1/inst/clk_out1                                                              |
| g1        | n/a   | BUFGCTRL/O      | None       |          73 |               0 |  73 |           0 |    0 |   0 |  0 |    0 |   0 |       0 | u_subsystem/sub_system_i/mdm_1/U0/MDM_Core_I1/JTAG_CONTROL_I/Test_Access_Port.BUFG_DRCK/Using_FPGA.Native_0   |
| g2        | n/a   | BUFG/O          | None       |          82 |               0 |  82 |           0 |    0 |   0 |  0 |    0 |   0 |       0 | u_subsystem/sub_system_i/mdm_1/U0/MDM_Core_I1/JTAG_CONTROL_I/Test_Access_Port.BUFG_UPDATE/Using_FPGA.Native_0 |
| g5        | n/a   | BUFG/O          | None       |           1 |               0 |   0 |           0 |    0 |   0 |  0 |    1 |   0 |       0 | u_subsystem/sub_system_i/clk_wiz_1/inst/clkfbout_buf_sub_system_clk_wiz_1_4                                   |
+-----------+-------+-----------------+------------+-------------+-----------------+-----+-------------+------+-----+----+------+-----+---------+---------------------------------------------------------------------------------------------------------------+
* Clock Loads column represents cell count of net connects that connect to a clock pin. Internal cell leaf pins are not considered
** Non-Clock Loads column represents cell count of non-clock pin loads
*** Columns FF, LUTRAM, RAMB through 'Hard IP' represents load cell counts


14. Clock Region Cell Placement per Global Clock: Region X0Y3
-------------------------------------------------------------

+-----------+-------+-----------------+------------+-------------+-----------------+-----+-------------+------+-----+----+------+-----+---------+--------------------------------------------------+
| Global Id | Track | Driver Type/Pin | Constraint | Clock Loads | Non-Clock Loads | FF  | Memory LUTs | RAMB | DSP | GT | MMCM | PLL | Hard IP | Net                                              |
+-----------+-------+-----------------+------------+-------------+-----------------+-----+-------------+------+-----+----+------+-----+---------+--------------------------------------------------+
| g0        | n/a   | BUFG/O          | None       |         396 |               0 | 378 |          18 |    0 |   0 |  0 |    0 |   0 |       0 | u_subsystem/sub_system_i/clk_wiz_1/inst/clk_out1 |
+-----------+-------+-----------------+------------+-------------+-----------------+-----+-------------+------+-----+----+------+-----+---------+--------------------------------------------------+
* Clock Loads column represents cell count of net connects that connect to a clock pin. Internal cell leaf pins are not considered
** Non-Clock Loads column represents cell count of non-clock pin loads
*** Columns FF, LUTRAM, RAMB through 'Hard IP' represents load cell counts


15. Clock Region Cell Placement per Global Clock: Region X1Y3
-------------------------------------------------------------

+-----------+-------+-----------------+------------+-------------+-----------------+-----+-------------+------+-----+----+------+-----+---------+---------------------------------------------------------------------------------------------------------------+
| Global Id | Track | Driver Type/Pin | Constraint | Clock Loads | Non-Clock Loads | FF  | Memory LUTs | RAMB | DSP | GT | MMCM | PLL | Hard IP | Net                                                                                                           |
+-----------+-------+-----------------+------------+-------------+-----------------+-----+-------------+------+-----+----+------+-----+---------+---------------------------------------------------------------------------------------------------------------+
| g0        | n/a   | BUFG/O          | None       |         108 |               0 | 107 |           1 |    0 |   0 |  0 |    0 |   0 |       0 | u_subsystem/sub_system_i/clk_wiz_1/inst/clk_out1                                                              |
| g1        | n/a   | BUFGCTRL/O      | None       |         129 |               0 | 127 |           2 |    0 |   0 |  0 |    0 |   0 |       0 | u_subsystem/sub_system_i/mdm_1/U0/MDM_Core_I1/JTAG_CONTROL_I/Test_Access_Port.BUFG_DRCK/Using_FPGA.Native_0   |
| g2        | n/a   | BUFG/O          | None       |          14 |               0 |  14 |           0 |    0 |   0 |  0 |    0 |   0 |       0 | u_subsystem/sub_system_i/mdm_1/U0/MDM_Core_I1/JTAG_CONTROL_I/Test_Access_Port.BUFG_UPDATE/Using_FPGA.Native_0 |
| g3        | n/a   | BUFG/O          | None       |          51 |               0 |  48 |           3 |    0 |   0 |  0 |    0 |   0 |       0 | u_subsystem/sub_system_i/mdm_1/U0/Use_E2.BSCAN_I/tck_BUFG                                                     |
| g4        | n/a   | BUFGCTRL/O      | None       |          31 |               0 |  31 |           0 |    0 |   0 |  0 |    0 |   0 |       0 | u_subsystem/sub_system_i/mdm_1/U0/Use_JTAG_BSCAN.BUFG_JTAG_TCK/Use_JTAG_BSCAN.tck_int                         |
+-----------+-------+-----------------+------------+-------------+-----------------+-----+-------------+------+-----+----+------+-----+---------+---------------------------------------------------------------------------------------------------------------+
* Clock Loads column represents cell count of net connects that connect to a clock pin. Internal cell leaf pins are not considered
** Non-Clock Loads column represents cell count of non-clock pin loads
*** Columns FF, LUTRAM, RAMB through 'Hard IP' represents load cell counts



# Location of BUFG Primitives 
set_property LOC BUFGCTRL_X0Y1 [get_cells u_subsystem/sub_system_i/mdm_1/U0/Use_JTAG_BSCAN.BUFG_JTAG_TCK/Using_FPGA.Native]
set_property LOC BUFGCTRL_X0Y4 [get_cells u_subsystem/sub_system_i/mdm_1/U0/Use_E2.BSCAN_I/tck_BUFG_inst]
set_property LOC BUFGCTRL_X0Y3 [get_cells u_subsystem/sub_system_i/mdm_1/U0/MDM_Core_I1/JTAG_CONTROL_I/Test_Access_Port.BUFG_UPDATE/Using_FPGA.Native]
set_property LOC BUFGCTRL_X0Y0 [get_cells u_subsystem/sub_system_i/mdm_1/U0/MDM_Core_I1/JTAG_CONTROL_I/Test_Access_Port.BUFG_DRCK/Using_FPGA.Native]
set_property LOC BUFGCTRL_X0Y5 [get_cells u_subsystem/sub_system_i/clk_wiz_1/inst/clkf_buf]
set_property LOC BUFGCTRL_X0Y2 [get_cells u_subsystem/sub_system_i/clk_wiz_1/inst/clkout1_buf]

# Location of IO Primitives which is load of clock spine

# Location of clock ports
set_property LOC IOB_X1Y124 [get_ports i_clk]

# Clock net "u_subsystem/sub_system_i/mdm_1/U0/Use_JTAG_BSCAN.BUFG_JTAG_TCK/Use_JTAG_BSCAN.tck_int" driven by instance "u_subsystem/sub_system_i/mdm_1/U0/Use_JTAG_BSCAN.BUFG_JTAG_TCK/Using_FPGA.Native" located at site "BUFGCTRL_X0Y1"
#startgroup
create_pblock {CLKAG_u_subsystem/sub_system_i/mdm_1/U0/Use_JTAG_BSCAN.BUFG_JTAG_TCK/Use_JTAG_BSCAN.tck_int}
add_cells_to_pblock [get_pblocks  {CLKAG_u_subsystem/sub_system_i/mdm_1/U0/Use_JTAG_BSCAN.BUFG_JTAG_TCK/Use_JTAG_BSCAN.tck_int}] [get_cells -filter { PRIMITIVE_GROUP != I/O && IS_PRIMITIVE==1 && PRIMITIVE_LEVEL !=INTERNAL && NAME!=u_subsystem/sub_system_i/mdm_1/U0/MDM_Core_I1/JTAG_CONTROL_I/Test_Access_Port.BUFG_DRCK/Using_FPGA.Native} -of_object [get_pins -filter {DIRECTION==IN} -of_objects [get_nets -hierarchical -filter {PARENT=="u_subsystem/sub_system_i/mdm_1/U0/Use_JTAG_BSCAN.BUFG_JTAG_TCK/Use_JTAG_BSCAN.tck_int"}]]]
resize_pblock [get_pblocks {CLKAG_u_subsystem/sub_system_i/mdm_1/U0/Use_JTAG_BSCAN.BUFG_JTAG_TCK/Use_JTAG_BSCAN.tck_int}] -add {CLOCKREGION_X1Y3:CLOCKREGION_X1Y3}
#endgroup

# Clock net "u_subsystem/sub_system_i/mdm_1/U0/Use_E2.BSCAN_I/tck_BUFG" driven by instance "u_subsystem/sub_system_i/mdm_1/U0/Use_E2.BSCAN_I/tck_BUFG_inst" located at site "BUFGCTRL_X0Y4"
#startgroup
create_pblock {CLKAG_u_subsystem/sub_system_i/mdm_1/U0/Use_E2.BSCAN_I/tck_BUFG}
add_cells_to_pblock [get_pblocks  {CLKAG_u_subsystem/sub_system_i/mdm_1/U0/Use_E2.BSCAN_I/tck_BUFG}] [get_cells -filter { PRIMITIVE_GROUP != I/O && IS_PRIMITIVE==1 && PRIMITIVE_LEVEL !=INTERNAL } -of_object [get_pins -filter {DIRECTION==IN} -of_objects [get_nets -hierarchical -filter {PARENT=="u_subsystem/sub_system_i/mdm_1/U0/Use_E2.BSCAN_I/tck_BUFG"}]]]
resize_pblock [get_pblocks {CLKAG_u_subsystem/sub_system_i/mdm_1/U0/Use_E2.BSCAN_I/tck_BUFG}] -add {CLOCKREGION_X1Y3:CLOCKREGION_X1Y3}
#endgroup

# Clock net "u_subsystem/sub_system_i/mdm_1/U0/MDM_Core_I1/JTAG_CONTROL_I/Test_Access_Port.BUFG_UPDATE/Using_FPGA.Native_0" driven by instance "u_subsystem/sub_system_i/mdm_1/U0/MDM_Core_I1/JTAG_CONTROL_I/Test_Access_Port.BUFG_UPDATE/Using_FPGA.Native" located at site "BUFGCTRL_X0Y3"
#startgroup
create_pblock {CLKAG_u_subsystem/sub_system_i/mdm_1/U0/MDM_Core_I1/JTAG_CONTROL_I/Test_Access_Port.BUFG_UPDATE/Using_FPGA.Native_0}
add_cells_to_pblock [get_pblocks  {CLKAG_u_subsystem/sub_system_i/mdm_1/U0/MDM_Core_I1/JTAG_CONTROL_I/Test_Access_Port.BUFG_UPDATE/Using_FPGA.Native_0}] [get_cells -filter { PRIMITIVE_GROUP != I/O && IS_PRIMITIVE==1 && PRIMITIVE_LEVEL !=INTERNAL } -of_object [get_pins -filter {DIRECTION==IN} -of_objects [get_nets -hierarchical -filter {PARENT=="u_subsystem/sub_system_i/mdm_1/U0/MDM_Core_I1/JTAG_CONTROL_I/Test_Access_Port.BUFG_UPDATE/Using_FPGA.Native_0"}]]]
resize_pblock [get_pblocks {CLKAG_u_subsystem/sub_system_i/mdm_1/U0/MDM_Core_I1/JTAG_CONTROL_I/Test_Access_Port.BUFG_UPDATE/Using_FPGA.Native_0}] -add {CLOCKREGION_X0Y2:CLOCKREGION_X0Y2 CLOCKREGION_X1Y2:CLOCKREGION_X1Y2 CLOCKREGION_X1Y3:CLOCKREGION_X1Y3}
#endgroup

# Clock net "u_subsystem/sub_system_i/mdm_1/U0/MDM_Core_I1/JTAG_CONTROL_I/Test_Access_Port.BUFG_DRCK/Using_FPGA.Native_0" driven by instance "u_subsystem/sub_system_i/mdm_1/U0/MDM_Core_I1/JTAG_CONTROL_I/Test_Access_Port.BUFG_DRCK/Using_FPGA.Native" located at site "BUFGCTRL_X0Y0"
#startgroup
create_pblock {CLKAG_u_subsystem/sub_system_i/mdm_1/U0/MDM_Core_I1/JTAG_CONTROL_I/Test_Access_Port.BUFG_DRCK/Using_FPGA.Native_0}
add_cells_to_pblock [get_pblocks  {CLKAG_u_subsystem/sub_system_i/mdm_1/U0/MDM_Core_I1/JTAG_CONTROL_I/Test_Access_Port.BUFG_DRCK/Using_FPGA.Native_0}] [get_cells -filter { PRIMITIVE_GROUP != I/O && IS_PRIMITIVE==1 && PRIMITIVE_LEVEL !=INTERNAL } -of_object [get_pins -filter {DIRECTION==IN} -of_objects [get_nets -hierarchical -filter {PARENT=="u_subsystem/sub_system_i/mdm_1/U0/MDM_Core_I1/JTAG_CONTROL_I/Test_Access_Port.BUFG_DRCK/Using_FPGA.Native_0"}]]]
resize_pblock [get_pblocks {CLKAG_u_subsystem/sub_system_i/mdm_1/U0/MDM_Core_I1/JTAG_CONTROL_I/Test_Access_Port.BUFG_DRCK/Using_FPGA.Native_0}] -add {CLOCKREGION_X1Y2:CLOCKREGION_X1Y2 CLOCKREGION_X1Y3:CLOCKREGION_X1Y3}
#endgroup

# Clock net "u_subsystem/sub_system_i/clk_wiz_1/inst/clk_out1" driven by instance "u_subsystem/sub_system_i/clk_wiz_1/inst/clkout1_buf" located at site "BUFGCTRL_X0Y2"
#startgroup
create_pblock {CLKAG_u_subsystem/sub_system_i/clk_wiz_1/inst/clk_out1}
add_cells_to_pblock [get_pblocks  {CLKAG_u_subsystem/sub_system_i/clk_wiz_1/inst/clk_out1}] [get_cells -filter { PRIMITIVE_GROUP != I/O && IS_PRIMITIVE==1 && PRIMITIVE_LEVEL !=INTERNAL } -of_object [get_pins -filter {DIRECTION==IN} -of_objects [get_nets -hierarchical -filter {PARENT=="u_subsystem/sub_system_i/clk_wiz_1/inst/clk_out1"}]]]
resize_pblock [get_pblocks {CLKAG_u_subsystem/sub_system_i/clk_wiz_1/inst/clk_out1}] -add {CLOCKREGION_X0Y2:CLOCKREGION_X0Y2 CLOCKREGION_X0Y3:CLOCKREGION_X0Y3 CLOCKREGION_X1Y2:CLOCKREGION_X1Y2 CLOCKREGION_X1Y3:CLOCKREGION_X1Y3}
#endgroup
