
*** Running vivado
    with args -log sub_system_axi_gpio_1_0.vds -m64 -product Vivado -mode batch -messageDb vivado.pb -notrace -source sub_system_axi_gpio_1_0.tcl



****** Vivado v2025.1 (64-bit)
  **** SW Build 6140274 on Thu May 22 00:12:29 MDT 2025
  **** IP Build 6138677 on Thu May 22 03:10:11 MDT 2025
  **** SharedData Build 6139179 on Tue May 20 17:58:58 MDT 2025
  **** Start of session at: Tue Feb  3 14:18:48 2026
    ** Copyright 1986-2022 Xilinx, Inc. All Rights Reserved.
    ** Copyright 2022-2025 Advanced Micro Devices, Inc. All Rights Reserved.

source sub_system_axi_gpio_1_0.tcl -notrace
create_project: Time (s): cpu = 00:00:20 ; elapsed = 00:00:22 . Memory (MB): peak = 494.109 ; gain = 213.027
Command: synth_design -top sub_system_axi_gpio_1_0 -part xc7a200tsbg484-1 -incremental_mode off -mode out_of_context
Starting synth_design
Attempting to get a license for feature 'Synthesis' and/or device 'xc7a200t'
INFO: [Common 17-349] Got license for feature 'Synthesis' and/or device 'xc7a200t'
INFO: [Device 21-403] Loading part xc7a200tsbg484-1
INFO: [Synth 8-7079] Multithreading enabled for synth_design using a maximum of 2 processes.
INFO: [Synth 8-7078] Launching helper process for spawning children vivado processes
INFO: [Synth 8-7075] Helper process launched with PID 35932
---------------------------------------------------------------------------------
Starting RTL Elaboration : Time (s): cpu = 00:00:14 ; elapsed = 00:00:16 . Memory (MB): peak = 1233.367 ; gain = 493.168
---------------------------------------------------------------------------------
INFO: [Synth 8-638] synthesizing module 'sub_system_axi_gpio_1_0' [c:/FPGA/UART_FIR/UART_FIR/UART_FIR.gen/sources_1/bd/sub_system/ip/sub_system_axi_gpio_1_0/synth/sub_system_axi_gpio_1_0.vhd:86]
	Parameter C_FAMILY bound to: artix7 - type: string 
	Parameter C_S_AXI_ADDR_WIDTH bound to: 9 - type: integer 
	Parameter C_S_AXI_DATA_WIDTH bound to: 32 - type: integer 
	Parameter C_GPIO_WIDTH bound to: 32 - type: integer 
	Parameter C_GPIO2_WIDTH bound to: 32 - type: integer 
	Parameter C_ALL_INPUTS bound to: 1 - type: integer 
	Parameter C_ALL_INPUTS_2 bound to: 1 - type: integer 
	Parameter C_ALL_OUTPUTS bound to: 0 - type: integer 
	Parameter C_ALL_OUTPUTS_2 bound to: 0 - type: integer 
	Parameter C_INTERRUPT_PRESENT bound to: 1 - type: integer 
	Parameter C_DOUT_DEFAULT bound to: 32'b00000000000000000000000000000000 
	Parameter C_TRI_DEFAULT bound to: 32'b11111111111111111111111111111111 
	Parameter C_IS_DUAL bound to: 1 - type: integer 
	Parameter C_DOUT_DEFAULT_2 bound to: 32'b00000000000000000000000000000000 
	Parameter C_TRI_DEFAULT_2 bound to: 32'b11111111111111111111111111111111 
INFO: [Synth 8-3491] module 'axi_gpio' declared at 'c:/FPGA/UART_FIR/UART_FIR/UART_FIR.gen/sources_1/bd/sub_system/ipshared/0271/hdl/axi_gpio_v2_0_vh_rfs.vhd:1255' bound to instance 'U0' of component 'axi_gpio' [c:/FPGA/UART_FIR/UART_FIR/UART_FIR.gen/sources_1/bd/sub_system/ip/sub_system_axi_gpio_1_0/synth/sub_system_axi_gpio_1_0.vhd:181]
INFO: [Synth 8-638] synthesizing module 'axi_gpio' [c:/FPGA/UART_FIR/UART_FIR/UART_FIR.gen/sources_1/bd/sub_system/ipshared/0271/hdl/axi_gpio_v2_0_vh_rfs.vhd:1341]
INFO: [Synth 8-638] synthesizing module 'axi_lite_ipif' [c:/FPGA/UART_FIR/UART_FIR/UART_FIR.gen/sources_1/bd/sub_system/ipshared/66ea/hdl/axi_lite_ipif_v3_0_vh_rfs.vhd:2948]
INFO: [Synth 8-638] synthesizing module 'slave_attachment' [c:/FPGA/UART_FIR/UART_FIR/UART_FIR.gen/sources_1/bd/sub_system/ipshared/66ea/hdl/axi_lite_ipif_v3_0_vh_rfs.vhd:2341]
INFO: [Synth 8-638] synthesizing module 'address_decoder' [c:/FPGA/UART_FIR/UART_FIR/UART_FIR.gen/sources_1/bd/sub_system/ipshared/66ea/hdl/axi_lite_ipif_v3_0_vh_rfs.vhd:1775]
INFO: [Synth 8-638] synthesizing module 'pselect_f' [c:/FPGA/UART_FIR/UART_FIR/UART_FIR.gen/sources_1/bd/sub_system/ipshared/66ea/hdl/axi_lite_ipif_v3_0_vh_rfs.vhd:1534]
INFO: [Synth 8-256] done synthesizing module 'pselect_f' (0#1) [c:/FPGA/UART_FIR/UART_FIR/UART_FIR.gen/sources_1/bd/sub_system/ipshared/66ea/hdl/axi_lite_ipif_v3_0_vh_rfs.vhd:1534]
INFO: [Synth 8-638] synthesizing module 'pselect_f__parameterized0' [c:/FPGA/UART_FIR/UART_FIR/UART_FIR.gen/sources_1/bd/sub_system/ipshared/66ea/hdl/axi_lite_ipif_v3_0_vh_rfs.vhd:1534]
INFO: [Synth 8-256] done synthesizing module 'pselect_f__parameterized0' (0#1) [c:/FPGA/UART_FIR/UART_FIR/UART_FIR.gen/sources_1/bd/sub_system/ipshared/66ea/hdl/axi_lite_ipif_v3_0_vh_rfs.vhd:1534]
INFO: [Synth 8-638] synthesizing module 'pselect_f__parameterized1' [c:/FPGA/UART_FIR/UART_FIR/UART_FIR.gen/sources_1/bd/sub_system/ipshared/66ea/hdl/axi_lite_ipif_v3_0_vh_rfs.vhd:1534]
INFO: [Synth 8-256] done synthesizing module 'pselect_f__parameterized1' (0#1) [c:/FPGA/UART_FIR/UART_FIR/UART_FIR.gen/sources_1/bd/sub_system/ipshared/66ea/hdl/axi_lite_ipif_v3_0_vh_rfs.vhd:1534]
INFO: [Synth 8-638] synthesizing module 'pselect_f__parameterized2' [c:/FPGA/UART_FIR/UART_FIR/UART_FIR.gen/sources_1/bd/sub_system/ipshared/66ea/hdl/axi_lite_ipif_v3_0_vh_rfs.vhd:1534]
INFO: [Synth 8-256] done synthesizing module 'pselect_f__parameterized2' (0#1) [c:/FPGA/UART_FIR/UART_FIR/UART_FIR.gen/sources_1/bd/sub_system/ipshared/66ea/hdl/axi_lite_ipif_v3_0_vh_rfs.vhd:1534]
INFO: [Synth 8-638] synthesizing module 'pselect_f__parameterized3' [c:/FPGA/UART_FIR/UART_FIR/UART_FIR.gen/sources_1/bd/sub_system/ipshared/66ea/hdl/axi_lite_ipif_v3_0_vh_rfs.vhd:1534]
INFO: [Synth 8-256] done synthesizing module 'pselect_f__parameterized3' (0#1) [c:/FPGA/UART_FIR/UART_FIR/UART_FIR.gen/sources_1/bd/sub_system/ipshared/66ea/hdl/axi_lite_ipif_v3_0_vh_rfs.vhd:1534]
INFO: [Synth 8-638] synthesizing module 'pselect_f__parameterized4' [c:/FPGA/UART_FIR/UART_FIR/UART_FIR.gen/sources_1/bd/sub_system/ipshared/66ea/hdl/axi_lite_ipif_v3_0_vh_rfs.vhd:1534]
INFO: [Synth 8-256] done synthesizing module 'pselect_f__parameterized4' (0#1) [c:/FPGA/UART_FIR/UART_FIR/UART_FIR.gen/sources_1/bd/sub_system/ipshared/66ea/hdl/axi_lite_ipif_v3_0_vh_rfs.vhd:1534]
INFO: [Synth 8-638] synthesizing module 'pselect_f__parameterized5' [c:/FPGA/UART_FIR/UART_FIR/UART_FIR.gen/sources_1/bd/sub_system/ipshared/66ea/hdl/axi_lite_ipif_v3_0_vh_rfs.vhd:1534]
INFO: [Synth 8-256] done synthesizing module 'pselect_f__parameterized5' (0#1) [c:/FPGA/UART_FIR/UART_FIR/UART_FIR.gen/sources_1/bd/sub_system/ipshared/66ea/hdl/axi_lite_ipif_v3_0_vh_rfs.vhd:1534]
INFO: [Synth 8-638] synthesizing module 'pselect_f__parameterized6' [c:/FPGA/UART_FIR/UART_FIR/UART_FIR.gen/sources_1/bd/sub_system/ipshared/66ea/hdl/axi_lite_ipif_v3_0_vh_rfs.vhd:1534]
INFO: [Synth 8-256] done synthesizing module 'pselect_f__parameterized6' (0#1) [c:/FPGA/UART_FIR/UART_FIR/UART_FIR.gen/sources_1/bd/sub_system/ipshared/66ea/hdl/axi_lite_ipif_v3_0_vh_rfs.vhd:1534]
INFO: [Synth 8-638] synthesizing module 'pselect_f__parameterized7' [c:/FPGA/UART_FIR/UART_FIR/UART_FIR.gen/sources_1/bd/sub_system/ipshared/66ea/hdl/axi_lite_ipif_v3_0_vh_rfs.vhd:1534]
INFO: [Synth 8-256] done synthesizing module 'pselect_f__parameterized7' (0#1) [c:/FPGA/UART_FIR/UART_FIR/UART_FIR.gen/sources_1/bd/sub_system/ipshared/66ea/hdl/axi_lite_ipif_v3_0_vh_rfs.vhd:1534]
INFO: [Synth 8-638] synthesizing module 'pselect_f__parameterized8' [c:/FPGA/UART_FIR/UART_FIR/UART_FIR.gen/sources_1/bd/sub_system/ipshared/66ea/hdl/axi_lite_ipif_v3_0_vh_rfs.vhd:1534]
INFO: [Synth 8-256] done synthesizing module 'pselect_f__parameterized8' (0#1) [c:/FPGA/UART_FIR/UART_FIR/UART_FIR.gen/sources_1/bd/sub_system/ipshared/66ea/hdl/axi_lite_ipif_v3_0_vh_rfs.vhd:1534]
INFO: [Synth 8-638] synthesizing module 'pselect_f__parameterized9' [c:/FPGA/UART_FIR/UART_FIR/UART_FIR.gen/sources_1/bd/sub_system/ipshared/66ea/hdl/axi_lite_ipif_v3_0_vh_rfs.vhd:1534]
INFO: [Synth 8-256] done synthesizing module 'pselect_f__parameterized9' (0#1) [c:/FPGA/UART_FIR/UART_FIR/UART_FIR.gen/sources_1/bd/sub_system/ipshared/66ea/hdl/axi_lite_ipif_v3_0_vh_rfs.vhd:1534]
INFO: [Synth 8-638] synthesizing module 'pselect_f__parameterized10' [c:/FPGA/UART_FIR/UART_FIR/UART_FIR.gen/sources_1/bd/sub_system/ipshared/66ea/hdl/axi_lite_ipif_v3_0_vh_rfs.vhd:1534]
INFO: [Synth 8-256] done synthesizing module 'pselect_f__parameterized10' (0#1) [c:/FPGA/UART_FIR/UART_FIR/UART_FIR.gen/sources_1/bd/sub_system/ipshared/66ea/hdl/axi_lite_ipif_v3_0_vh_rfs.vhd:1534]
INFO: [Synth 8-638] synthesizing module 'pselect_f__parameterized11' [c:/FPGA/UART_FIR/UART_FIR/UART_FIR.gen/sources_1/bd/sub_system/ipshared/66ea/hdl/axi_lite_ipif_v3_0_vh_rfs.vhd:1534]
INFO: [Synth 8-256] done synthesizing module 'pselect_f__parameterized11' (0#1) [c:/FPGA/UART_FIR/UART_FIR/UART_FIR.gen/sources_1/bd/sub_system/ipshared/66ea/hdl/axi_lite_ipif_v3_0_vh_rfs.vhd:1534]
INFO: [Synth 8-638] synthesizing module 'pselect_f__parameterized12' [c:/FPGA/UART_FIR/UART_FIR/UART_FIR.gen/sources_1/bd/sub_system/ipshared/66ea/hdl/axi_lite_ipif_v3_0_vh_rfs.vhd:1534]
INFO: [Synth 8-256] done synthesizing module 'pselect_f__parameterized12' (0#1) [c:/FPGA/UART_FIR/UART_FIR/UART_FIR.gen/sources_1/bd/sub_system/ipshared/66ea/hdl/axi_lite_ipif_v3_0_vh_rfs.vhd:1534]
INFO: [Synth 8-638] synthesizing module 'pselect_f__parameterized13' [c:/FPGA/UART_FIR/UART_FIR/UART_FIR.gen/sources_1/bd/sub_system/ipshared/66ea/hdl/axi_lite_ipif_v3_0_vh_rfs.vhd:1534]
INFO: [Synth 8-256] done synthesizing module 'pselect_f__parameterized13' (0#1) [c:/FPGA/UART_FIR/UART_FIR/UART_FIR.gen/sources_1/bd/sub_system/ipshared/66ea/hdl/axi_lite_ipif_v3_0_vh_rfs.vhd:1534]
INFO: [Synth 8-638] synthesizing module 'pselect_f__parameterized14' [c:/FPGA/UART_FIR/UART_FIR/UART_FIR.gen/sources_1/bd/sub_system/ipshared/66ea/hdl/axi_lite_ipif_v3_0_vh_rfs.vhd:1534]
INFO: [Synth 8-256] done synthesizing module 'pselect_f__parameterized14' (0#1) [c:/FPGA/UART_FIR/UART_FIR/UART_FIR.gen/sources_1/bd/sub_system/ipshared/66ea/hdl/axi_lite_ipif_v3_0_vh_rfs.vhd:1534]
INFO: [Synth 8-638] synthesizing module 'pselect_f__parameterized15' [c:/FPGA/UART_FIR/UART_FIR/UART_FIR.gen/sources_1/bd/sub_system/ipshared/66ea/hdl/axi_lite_ipif_v3_0_vh_rfs.vhd:1534]
INFO: [Synth 8-256] done synthesizing module 'pselect_f__parameterized15' (0#1) [c:/FPGA/UART_FIR/UART_FIR/UART_FIR.gen/sources_1/bd/sub_system/ipshared/66ea/hdl/axi_lite_ipif_v3_0_vh_rfs.vhd:1534]
INFO: [Synth 8-638] synthesizing module 'pselect_f__parameterized16' [c:/FPGA/UART_FIR/UART_FIR/UART_FIR.gen/sources_1/bd/sub_system/ipshared/66ea/hdl/axi_lite_ipif_v3_0_vh_rfs.vhd:1534]
INFO: [Synth 8-256] done synthesizing module 'pselect_f__parameterized16' (0#1) [c:/FPGA/UART_FIR/UART_FIR/UART_FIR.gen/sources_1/bd/sub_system/ipshared/66ea/hdl/axi_lite_ipif_v3_0_vh_rfs.vhd:1534]
INFO: [Synth 8-638] synthesizing module 'pselect_f__parameterized17' [c:/FPGA/UART_FIR/UART_FIR/UART_FIR.gen/sources_1/bd/sub_system/ipshared/66ea/hdl/axi_lite_ipif_v3_0_vh_rfs.vhd:1534]
INFO: [Synth 8-256] done synthesizing module 'pselect_f__parameterized17' (0#1) [c:/FPGA/UART_FIR/UART_FIR/UART_FIR.gen/sources_1/bd/sub_system/ipshared/66ea/hdl/axi_lite_ipif_v3_0_vh_rfs.vhd:1534]
INFO: [Synth 8-638] synthesizing module 'pselect_f__parameterized18' [c:/FPGA/UART_FIR/UART_FIR/UART_FIR.gen/sources_1/bd/sub_system/ipshared/66ea/hdl/axi_lite_ipif_v3_0_vh_rfs.vhd:1534]
INFO: [Synth 8-256] done synthesizing module 'pselect_f__parameterized18' (0#1) [c:/FPGA/UART_FIR/UART_FIR/UART_FIR.gen/sources_1/bd/sub_system/ipshared/66ea/hdl/axi_lite_ipif_v3_0_vh_rfs.vhd:1534]
INFO: [Synth 8-638] synthesizing module 'pselect_f__parameterized19' [c:/FPGA/UART_FIR/UART_FIR/UART_FIR.gen/sources_1/bd/sub_system/ipshared/66ea/hdl/axi_lite_ipif_v3_0_vh_rfs.vhd:1534]
INFO: [Synth 8-256] done synthesizing module 'pselect_f__parameterized19' (0#1) [c:/FPGA/UART_FIR/UART_FIR/UART_FIR.gen/sources_1/bd/sub_system/ipshared/66ea/hdl/axi_lite_ipif_v3_0_vh_rfs.vhd:1534]
INFO: [Synth 8-638] synthesizing module 'pselect_f__parameterized20' [c:/FPGA/UART_FIR/UART_FIR/UART_FIR.gen/sources_1/bd/sub_system/ipshared/66ea/hdl/axi_lite_ipif_v3_0_vh_rfs.vhd:1534]
INFO: [Synth 8-256] done synthesizing module 'pselect_f__parameterized20' (0#1) [c:/FPGA/UART_FIR/UART_FIR/UART_FIR.gen/sources_1/bd/sub_system/ipshared/66ea/hdl/axi_lite_ipif_v3_0_vh_rfs.vhd:1534]
INFO: [Synth 8-256] done synthesizing module 'address_decoder' (0#1) [c:/FPGA/UART_FIR/UART_FIR/UART_FIR.gen/sources_1/bd/sub_system/ipshared/66ea/hdl/axi_lite_ipif_v3_0_vh_rfs.vhd:1775]
INFO: [Synth 8-226] default block is never used [c:/FPGA/UART_FIR/UART_FIR/UART_FIR.gen/sources_1/bd/sub_system/ipshared/66ea/hdl/axi_lite_ipif_v3_0_vh_rfs.vhd:2550]
INFO: [Synth 8-256] done synthesizing module 'slave_attachment' (0#1) [c:/FPGA/UART_FIR/UART_FIR/UART_FIR.gen/sources_1/bd/sub_system/ipshared/66ea/hdl/axi_lite_ipif_v3_0_vh_rfs.vhd:2341]
INFO: [Synth 8-256] done synthesizing module 'axi_lite_ipif' (0#1) [c:/FPGA/UART_FIR/UART_FIR/UART_FIR.gen/sources_1/bd/sub_system/ipshared/66ea/hdl/axi_lite_ipif_v3_0_vh_rfs.vhd:2948]
INFO: [Synth 8-638] synthesizing module 'interrupt_control' [c:/FPGA/UART_FIR/UART_FIR/UART_FIR.gen/sources_1/bd/sub_system/ipshared/d8cc/hdl/interrupt_control_v3_1_vh_rfs.vhd:257]
INFO: [Synth 8-256] done synthesizing module 'interrupt_control' (0#1) [c:/FPGA/UART_FIR/UART_FIR/UART_FIR.gen/sources_1/bd/sub_system/ipshared/d8cc/hdl/interrupt_control_v3_1_vh_rfs.vhd:257]
INFO: [Synth 8-638] synthesizing module 'GPIO_Core' [c:/FPGA/UART_FIR/UART_FIR/UART_FIR.gen/sources_1/bd/sub_system/ipshared/0271/hdl/axi_gpio_v2_0_vh_rfs.vhd:182]
INFO: [Synth 8-226] default block is never used [c:/FPGA/UART_FIR/UART_FIR/UART_FIR.gen/sources_1/bd/sub_system/ipshared/0271/hdl/axi_gpio_v2_0_vh_rfs.vhd:833]
	Parameter DEST_SYNC_FF bound to: 4 - type: integer 
	Parameter INIT_SYNC_FF bound to: 0 - type: integer 
	Parameter SIM_ASSERT_CHK bound to: 0 - type: integer 
	Parameter SRC_INPUT_REG bound to: 0 - type: integer 
	Parameter WIDTH bound to: 32 - type: integer 
INFO: [Synth 8-3491] module 'xpm_cdc_array_single' declared at 'C:/Xilinx/2025.1/Vivado/data/ip/xpm/xpm_cdc/hdl/xpm_cdc.sv:903' bound to instance 'INPUT_DOUBLE_REGS4' of component 'xpm_cdc_array_single' [c:/FPGA/UART_FIR/UART_FIR/UART_FIR.gen/sources_1/bd/sub_system/ipshared/0271/hdl/axi_gpio_v2_0_vh_rfs.vhd:851]
INFO: [Synth 8-6157] synthesizing module 'xpm_cdc_array_single' [C:/Xilinx/2025.1/Vivado/data/ip/xpm/xpm_cdc/hdl/xpm_cdc.sv:903]
INFO: [Synth 8-6155] done synthesizing module 'xpm_cdc_array_single' (0#1) [C:/Xilinx/2025.1/Vivado/data/ip/xpm/xpm_cdc/hdl/xpm_cdc.sv:903]
	Parameter DEST_SYNC_FF bound to: 4 - type: integer 
	Parameter INIT_SYNC_FF bound to: 0 - type: integer 
	Parameter SIM_ASSERT_CHK bound to: 0 - type: integer 
	Parameter SRC_INPUT_REG bound to: 0 - type: integer 
	Parameter WIDTH bound to: 32 - type: integer 
INFO: [Synth 8-3491] module 'xpm_cdc_array_single' declared at 'C:/Xilinx/2025.1/Vivado/data/ip/xpm/xpm_cdc/hdl/xpm_cdc.sv:903' bound to instance 'INPUT_DOUBLE_REGS5' of component 'xpm_cdc_array_single' [c:/FPGA/UART_FIR/UART_FIR/UART_FIR.gen/sources_1/bd/sub_system/ipshared/0271/hdl/axi_gpio_v2_0_vh_rfs.vhd:880]
INFO: [Synth 8-256] done synthesizing module 'GPIO_Core' (0#1) [c:/FPGA/UART_FIR/UART_FIR/UART_FIR.gen/sources_1/bd/sub_system/ipshared/0271/hdl/axi_gpio_v2_0_vh_rfs.vhd:182]
INFO: [Synth 8-256] done synthesizing module 'axi_gpio' (0#1) [c:/FPGA/UART_FIR/UART_FIR/UART_FIR.gen/sources_1/bd/sub_system/ipshared/0271/hdl/axi_gpio_v2_0_vh_rfs.vhd:1341]
INFO: [Synth 8-256] done synthesizing module 'sub_system_axi_gpio_1_0' (0#1) [c:/FPGA/UART_FIR/UART_FIR/UART_FIR.gen/sources_1/bd/sub_system/ip/sub_system_axi_gpio_1_0/synth/sub_system_axi_gpio_1_0.vhd:86]
WARNING: [Synth 8-6014] Unused sequential element Dual.ALLIN0_ND_G0.READ_REG_GEN[0].GPIO_DBus_i_reg was removed.  [c:/FPGA/UART_FIR/UART_FIR/UART_FIR.gen/sources_1/bd/sub_system/ipshared/0271/hdl/axi_gpio_v2_0_vh_rfs.vhd:656]
WARNING: [Synth 8-6014] Unused sequential element Dual.ALLIN0_ND_G0.READ_REG_GEN[1].GPIO_DBus_i_reg was removed.  [c:/FPGA/UART_FIR/UART_FIR/UART_FIR.gen/sources_1/bd/sub_system/ipshared/0271/hdl/axi_gpio_v2_0_vh_rfs.vhd:656]
WARNING: [Synth 8-6014] Unused sequential element Dual.ALLIN0_ND_G0.READ_REG_GEN[2].GPIO_DBus_i_reg was removed.  [c:/FPGA/UART_FIR/UART_FIR/UART_FIR.gen/sources_1/bd/sub_system/ipshared/0271/hdl/axi_gpio_v2_0_vh_rfs.vhd:656]
WARNING: [Synth 8-6014] Unused sequential element Dual.ALLIN0_ND_G0.READ_REG_GEN[3].GPIO_DBus_i_reg was removed.  [c:/FPGA/UART_FIR/UART_FIR/UART_FIR.gen/sources_1/bd/sub_system/ipshared/0271/hdl/axi_gpio_v2_0_vh_rfs.vhd:656]
WARNING: [Synth 8-6014] Unused sequential element Dual.ALLIN0_ND_G0.READ_REG_GEN[4].GPIO_DBus_i_reg was removed.  [c:/FPGA/UART_FIR/UART_FIR/UART_FIR.gen/sources_1/bd/sub_system/ipshared/0271/hdl/axi_gpio_v2_0_vh_rfs.vhd:656]
WARNING: [Synth 8-6014] Unused sequential element Dual.ALLIN0_ND_G0.READ_REG_GEN[5].GPIO_DBus_i_reg was removed.  [c:/FPGA/UART_FIR/UART_FIR/UART_FIR.gen/sources_1/bd/sub_system/ipshared/0271/hdl/axi_gpio_v2_0_vh_rfs.vhd:656]
WARNING: [Synth 8-6014] Unused sequential element Dual.ALLIN0_ND_G0.READ_REG_GEN[6].GPIO_DBus_i_reg was removed.  [c:/FPGA/UART_FIR/UART_FIR/UART_FIR.gen/sources_1/bd/sub_system/ipshared/0271/hdl/axi_gpio_v2_0_vh_rfs.vhd:656]
WARNING: [Synth 8-6014] Unused sequential element Dual.ALLIN0_ND_G0.READ_REG_GEN[7].GPIO_DBus_i_reg was removed.  [c:/FPGA/UART_FIR/UART_FIR/UART_FIR.gen/sources_1/bd/sub_system/ipshared/0271/hdl/axi_gpio_v2_0_vh_rfs.vhd:656]
WARNING: [Synth 8-6014] Unused sequential element Dual.ALLIN0_ND_G0.READ_REG_GEN[8].GPIO_DBus_i_reg was removed.  [c:/FPGA/UART_FIR/UART_FIR/UART_FIR.gen/sources_1/bd/sub_system/ipshared/0271/hdl/axi_gpio_v2_0_vh_rfs.vhd:656]
WARNING: [Synth 8-6014] Unused sequential element Dual.ALLIN0_ND_G0.READ_REG_GEN[9].GPIO_DBus_i_reg was removed.  [c:/FPGA/UART_FIR/UART_FIR/UART_FIR.gen/sources_1/bd/sub_system/ipshared/0271/hdl/axi_gpio_v2_0_vh_rfs.vhd:656]
WARNING: [Synth 8-6014] Unused sequential element Dual.ALLIN0_ND_G0.READ_REG_GEN[10].GPIO_DBus_i_reg was removed.  [c:/FPGA/UART_FIR/UART_FIR/UART_FIR.gen/sources_1/bd/sub_system/ipshared/0271/hdl/axi_gpio_v2_0_vh_rfs.vhd:656]
WARNING: [Synth 8-6014] Unused sequential element Dual.ALLIN0_ND_G0.READ_REG_GEN[11].GPIO_DBus_i_reg was removed.  [c:/FPGA/UART_FIR/UART_FIR/UART_FIR.gen/sources_1/bd/sub_system/ipshared/0271/hdl/axi_gpio_v2_0_vh_rfs.vhd:656]
WARNING: [Synth 8-6014] Unused sequential element Dual.ALLIN0_ND_G0.READ_REG_GEN[12].GPIO_DBus_i_reg was removed.  [c:/FPGA/UART_FIR/UART_FIR/UART_FIR.gen/sources_1/bd/sub_system/ipshared/0271/hdl/axi_gpio_v2_0_vh_rfs.vhd:656]
WARNING: [Synth 8-6014] Unused sequential element Dual.ALLIN0_ND_G0.READ_REG_GEN[13].GPIO_DBus_i_reg was removed.  [c:/FPGA/UART_FIR/UART_FIR/UART_FIR.gen/sources_1/bd/sub_system/ipshared/0271/hdl/axi_gpio_v2_0_vh_rfs.vhd:656]
WARNING: [Synth 8-6014] Unused sequential element Dual.ALLIN0_ND_G0.READ_REG_GEN[14].GPIO_DBus_i_reg was removed.  [c:/FPGA/UART_FIR/UART_FIR/UART_FIR.gen/sources_1/bd/sub_system/ipshared/0271/hdl/axi_gpio_v2_0_vh_rfs.vhd:656]
WARNING: [Synth 8-6014] Unused sequential element Dual.ALLIN0_ND_G0.READ_REG_GEN[15].GPIO_DBus_i_reg was removed.  [c:/FPGA/UART_FIR/UART_FIR/UART_FIR.gen/sources_1/bd/sub_system/ipshared/0271/hdl/axi_gpio_v2_0_vh_rfs.vhd:656]
WARNING: [Synth 8-6014] Unused sequential element Dual.ALLIN0_ND_G0.READ_REG_GEN[16].GPIO_DBus_i_reg was removed.  [c:/FPGA/UART_FIR/UART_FIR/UART_FIR.gen/sources_1/bd/sub_system/ipshared/0271/hdl/axi_gpio_v2_0_vh_rfs.vhd:656]
WARNING: [Synth 8-6014] Unused sequential element Dual.ALLIN0_ND_G0.READ_REG_GEN[17].GPIO_DBus_i_reg was removed.  [c:/FPGA/UART_FIR/UART_FIR/UART_FIR.gen/sources_1/bd/sub_system/ipshared/0271/hdl/axi_gpio_v2_0_vh_rfs.vhd:656]
WARNING: [Synth 8-6014] Unused sequential element Dual.ALLIN0_ND_G0.READ_REG_GEN[18].GPIO_DBus_i_reg was removed.  [c:/FPGA/UART_FIR/UART_FIR/UART_FIR.gen/sources_1/bd/sub_system/ipshared/0271/hdl/axi_gpio_v2_0_vh_rfs.vhd:656]
WARNING: [Synth 8-6014] Unused sequential element Dual.ALLIN0_ND_G0.READ_REG_GEN[19].GPIO_DBus_i_reg was removed.  [c:/FPGA/UART_FIR/UART_FIR/UART_FIR.gen/sources_1/bd/sub_system/ipshared/0271/hdl/axi_gpio_v2_0_vh_rfs.vhd:656]
WARNING: [Synth 8-6014] Unused sequential element Dual.ALLIN0_ND_G0.READ_REG_GEN[20].GPIO_DBus_i_reg was removed.  [c:/FPGA/UART_FIR/UART_FIR/UART_FIR.gen/sources_1/bd/sub_system/ipshared/0271/hdl/axi_gpio_v2_0_vh_rfs.vhd:656]
WARNING: [Synth 8-6014] Unused sequential element Dual.ALLIN0_ND_G0.READ_REG_GEN[21].GPIO_DBus_i_reg was removed.  [c:/FPGA/UART_FIR/UART_FIR/UART_FIR.gen/sources_1/bd/sub_system/ipshared/0271/hdl/axi_gpio_v2_0_vh_rfs.vhd:656]
WARNING: [Synth 8-6014] Unused sequential element Dual.ALLIN0_ND_G0.READ_REG_GEN[22].GPIO_DBus_i_reg was removed.  [c:/FPGA/UART_FIR/UART_FIR/UART_FIR.gen/sources_1/bd/sub_system/ipshared/0271/hdl/axi_gpio_v2_0_vh_rfs.vhd:656]
WARNING: [Synth 8-6014] Unused sequential element Dual.ALLIN0_ND_G0.READ_REG_GEN[23].GPIO_DBus_i_reg was removed.  [c:/FPGA/UART_FIR/UART_FIR/UART_FIR.gen/sources_1/bd/sub_system/ipshared/0271/hdl/axi_gpio_v2_0_vh_rfs.vhd:656]
WARNING: [Synth 8-6014] Unused sequential element Dual.ALLIN0_ND_G0.READ_REG_GEN[24].GPIO_DBus_i_reg was removed.  [c:/FPGA/UART_FIR/UART_FIR/UART_FIR.gen/sources_1/bd/sub_system/ipshared/0271/hdl/axi_gpio_v2_0_vh_rfs.vhd:656]
WARNING: [Synth 8-6014] Unused sequential element Dual.ALLIN0_ND_G0.READ_REG_GEN[25].GPIO_DBus_i_reg was removed.  [c:/FPGA/UART_FIR/UART_FIR/UART_FIR.gen/sources_1/bd/sub_system/ipshared/0271/hdl/axi_gpio_v2_0_vh_rfs.vhd:656]
WARNING: [Synth 8-6014] Unused sequential element Dual.ALLIN0_ND_G0.READ_REG_GEN[26].GPIO_DBus_i_reg was removed.  [c:/FPGA/UART_FIR/UART_FIR/UART_FIR.gen/sources_1/bd/sub_system/ipshared/0271/hdl/axi_gpio_v2_0_vh_rfs.vhd:656]
WARNING: [Synth 8-6014] Unused sequential element Dual.ALLIN0_ND_G0.READ_REG_GEN[27].GPIO_DBus_i_reg was removed.  [c:/FPGA/UART_FIR/UART_FIR/UART_FIR.gen/sources_1/bd/sub_system/ipshared/0271/hdl/axi_gpio_v2_0_vh_rfs.vhd:656]
WARNING: [Synth 8-6014] Unused sequential element Dual.ALLIN0_ND_G0.READ_REG_GEN[28].GPIO_DBus_i_reg was removed.  [c:/FPGA/UART_FIR/UART_FIR/UART_FIR.gen/sources_1/bd/sub_system/ipshared/0271/hdl/axi_gpio_v2_0_vh_rfs.vhd:656]
WARNING: [Synth 8-6014] Unused sequential element Dual.ALLIN0_ND_G0.READ_REG_GEN[29].GPIO_DBus_i_reg was removed.  [c:/FPGA/UART_FIR/UART_FIR/UART_FIR.gen/sources_1/bd/sub_system/ipshared/0271/hdl/axi_gpio_v2_0_vh_rfs.vhd:656]
WARNING: [Synth 8-6014] Unused sequential element Dual.ALLIN0_ND_G0.READ_REG_GEN[30].GPIO_DBus_i_reg was removed.  [c:/FPGA/UART_FIR/UART_FIR/UART_FIR.gen/sources_1/bd/sub_system/ipshared/0271/hdl/axi_gpio_v2_0_vh_rfs.vhd:656]
WARNING: [Synth 8-6014] Unused sequential element Dual.ALLIN0_ND_G0.READ_REG_GEN[31].GPIO_DBus_i_reg was removed.  [c:/FPGA/UART_FIR/UART_FIR/UART_FIR.gen/sources_1/bd/sub_system/ipshared/0271/hdl/axi_gpio_v2_0_vh_rfs.vhd:656]
WARNING: [Synth 8-6014] Unused sequential element Dual.ALLIN0_ND_G2.READ_REG2_GEN[0].GPIO2_DBus_i_reg was removed.  [c:/FPGA/UART_FIR/UART_FIR/UART_FIR.gen/sources_1/bd/sub_system/ipshared/0271/hdl/axi_gpio_v2_0_vh_rfs.vhd:717]
WARNING: [Synth 8-6014] Unused sequential element Dual.ALLIN0_ND_G2.READ_REG2_GEN[1].GPIO2_DBus_i_reg was removed.  [c:/FPGA/UART_FIR/UART_FIR/UART_FIR.gen/sources_1/bd/sub_system/ipshared/0271/hdl/axi_gpio_v2_0_vh_rfs.vhd:717]
WARNING: [Synth 8-6014] Unused sequential element Dual.ALLIN0_ND_G2.READ_REG2_GEN[2].GPIO2_DBus_i_reg was removed.  [c:/FPGA/UART_FIR/UART_FIR/UART_FIR.gen/sources_1/bd/sub_system/ipshared/0271/hdl/axi_gpio_v2_0_vh_rfs.vhd:717]
WARNING: [Synth 8-6014] Unused sequential element Dual.ALLIN0_ND_G2.READ_REG2_GEN[3].GPIO2_DBus_i_reg was removed.  [c:/FPGA/UART_FIR/UART_FIR/UART_FIR.gen/sources_1/bd/sub_system/ipshared/0271/hdl/axi_gpio_v2_0_vh_rfs.vhd:717]
WARNING: [Synth 8-6014] Unused sequential element Dual.ALLIN0_ND_G2.READ_REG2_GEN[4].GPIO2_DBus_i_reg was removed.  [c:/FPGA/UART_FIR/UART_FIR/UART_FIR.gen/sources_1/bd/sub_system/ipshared/0271/hdl/axi_gpio_v2_0_vh_rfs.vhd:717]
WARNING: [Synth 8-6014] Unused sequential element Dual.ALLIN0_ND_G2.READ_REG2_GEN[5].GPIO2_DBus_i_reg was removed.  [c:/FPGA/UART_FIR/UART_FIR/UART_FIR.gen/sources_1/bd/sub_system/ipshared/0271/hdl/axi_gpio_v2_0_vh_rfs.vhd:717]
WARNING: [Synth 8-6014] Unused sequential element Dual.ALLIN0_ND_G2.READ_REG2_GEN[6].GPIO2_DBus_i_reg was removed.  [c:/FPGA/UART_FIR/UART_FIR/UART_FIR.gen/sources_1/bd/sub_system/ipshared/0271/hdl/axi_gpio_v2_0_vh_rfs.vhd:717]
WARNING: [Synth 8-6014] Unused sequential element Dual.ALLIN0_ND_G2.READ_REG2_GEN[7].GPIO2_DBus_i_reg was removed.  [c:/FPGA/UART_FIR/UART_FIR/UART_FIR.gen/sources_1/bd/sub_system/ipshared/0271/hdl/axi_gpio_v2_0_vh_rfs.vhd:717]
WARNING: [Synth 8-6014] Unused sequential element Dual.ALLIN0_ND_G2.READ_REG2_GEN[8].GPIO2_DBus_i_reg was removed.  [c:/FPGA/UART_FIR/UART_FIR/UART_FIR.gen/sources_1/bd/sub_system/ipshared/0271/hdl/axi_gpio_v2_0_vh_rfs.vhd:717]
WARNING: [Synth 8-6014] Unused sequential element Dual.ALLIN0_ND_G2.READ_REG2_GEN[9].GPIO2_DBus_i_reg was removed.  [c:/FPGA/UART_FIR/UART_FIR/UART_FIR.gen/sources_1/bd/sub_system/ipshared/0271/hdl/axi_gpio_v2_0_vh_rfs.vhd:717]
WARNING: [Synth 8-6014] Unused sequential element Dual.ALLIN0_ND_G2.READ_REG2_GEN[10].GPIO2_DBus_i_reg was removed.  [c:/FPGA/UART_FIR/UART_FIR/UART_FIR.gen/sources_1/bd/sub_system/ipshared/0271/hdl/axi_gpio_v2_0_vh_rfs.vhd:717]
WARNING: [Synth 8-6014] Unused sequential element Dual.ALLIN0_ND_G2.READ_REG2_GEN[11].GPIO2_DBus_i_reg was removed.  [c:/FPGA/UART_FIR/UART_FIR/UART_FIR.gen/sources_1/bd/sub_system/ipshared/0271/hdl/axi_gpio_v2_0_vh_rfs.vhd:717]
WARNING: [Synth 8-6014] Unused sequential element Dual.ALLIN0_ND_G2.READ_REG2_GEN[12].GPIO2_DBus_i_reg was removed.  [c:/FPGA/UART_FIR/UART_FIR/UART_FIR.gen/sources_1/bd/sub_system/ipshared/0271/hdl/axi_gpio_v2_0_vh_rfs.vhd:717]
WARNING: [Synth 8-6014] Unused sequential element Dual.ALLIN0_ND_G2.READ_REG2_GEN[13].GPIO2_DBus_i_reg was removed.  [c:/FPGA/UART_FIR/UART_FIR/UART_FIR.gen/sources_1/bd/sub_system/ipshared/0271/hdl/axi_gpio_v2_0_vh_rfs.vhd:717]
WARNING: [Synth 8-6014] Unused sequential element Dual.ALLIN0_ND_G2.READ_REG2_GEN[14].GPIO2_DBus_i_reg was removed.  [c:/FPGA/UART_FIR/UART_FIR/UART_FIR.gen/sources_1/bd/sub_system/ipshared/0271/hdl/axi_gpio_v2_0_vh_rfs.vhd:717]
WARNING: [Synth 8-6014] Unused sequential element Dual.ALLIN0_ND_G2.READ_REG2_GEN[15].GPIO2_DBus_i_reg was removed.  [c:/FPGA/UART_FIR/UART_FIR/UART_FIR.gen/sources_1/bd/sub_system/ipshared/0271/hdl/axi_gpio_v2_0_vh_rfs.vhd:717]
WARNING: [Synth 8-6014] Unused sequential element Dual.ALLIN0_ND_G2.READ_REG2_GEN[16].GPIO2_DBus_i_reg was removed.  [c:/FPGA/UART_FIR/UART_FIR/UART_FIR.gen/sources_1/bd/sub_system/ipshared/0271/hdl/axi_gpio_v2_0_vh_rfs.vhd:717]
WARNING: [Synth 8-6014] Unused sequential element Dual.ALLIN0_ND_G2.READ_REG2_GEN[17].GPIO2_DBus_i_reg was removed.  [c:/FPGA/UART_FIR/UART_FIR/UART_FIR.gen/sources_1/bd/sub_system/ipshared/0271/hdl/axi_gpio_v2_0_vh_rfs.vhd:717]
WARNING: [Synth 8-6014] Unused sequential element Dual.ALLIN0_ND_G2.READ_REG2_GEN[18].GPIO2_DBus_i_reg was removed.  [c:/FPGA/UART_FIR/UART_FIR/UART_FIR.gen/sources_1/bd/sub_system/ipshared/0271/hdl/axi_gpio_v2_0_vh_rfs.vhd:717]
WARNING: [Synth 8-6014] Unused sequential element Dual.ALLIN0_ND_G2.READ_REG2_GEN[19].GPIO2_DBus_i_reg was removed.  [c:/FPGA/UART_FIR/UART_FIR/UART_FIR.gen/sources_1/bd/sub_system/ipshared/0271/hdl/axi_gpio_v2_0_vh_rfs.vhd:717]
WARNING: [Synth 8-6014] Unused sequential element Dual.ALLIN0_ND_G2.READ_REG2_GEN[20].GPIO2_DBus_i_reg was removed.  [c:/FPGA/UART_FIR/UART_FIR/UART_FIR.gen/sources_1/bd/sub_system/ipshared/0271/hdl/axi_gpio_v2_0_vh_rfs.vhd:717]
WARNING: [Synth 8-6014] Unused sequential element Dual.ALLIN0_ND_G2.READ_REG2_GEN[21].GPIO2_DBus_i_reg was removed.  [c:/FPGA/UART_FIR/UART_FIR/UART_FIR.gen/sources_1/bd/sub_system/ipshared/0271/hdl/axi_gpio_v2_0_vh_rfs.vhd:717]
WARNING: [Synth 8-6014] Unused sequential element Dual.ALLIN0_ND_G2.READ_REG2_GEN[22].GPIO2_DBus_i_reg was removed.  [c:/FPGA/UART_FIR/UART_FIR/UART_FIR.gen/sources_1/bd/sub_system/ipshared/0271/hdl/axi_gpio_v2_0_vh_rfs.vhd:717]
WARNING: [Synth 8-6014] Unused sequential element Dual.ALLIN0_ND_G2.READ_REG2_GEN[23].GPIO2_DBus_i_reg was removed.  [c:/FPGA/UART_FIR/UART_FIR/UART_FIR.gen/sources_1/bd/sub_system/ipshared/0271/hdl/axi_gpio_v2_0_vh_rfs.vhd:717]
WARNING: [Synth 8-6014] Unused sequential element Dual.ALLIN0_ND_G2.READ_REG2_GEN[24].GPIO2_DBus_i_reg was removed.  [c:/FPGA/UART_FIR/UART_FIR/UART_FIR.gen/sources_1/bd/sub_system/ipshared/0271/hdl/axi_gpio_v2_0_vh_rfs.vhd:717]
WARNING: [Synth 8-6014] Unused sequential element Dual.ALLIN0_ND_G2.READ_REG2_GEN[25].GPIO2_DBus_i_reg was removed.  [c:/FPGA/UART_FIR/UART_FIR/UART_FIR.gen/sources_1/bd/sub_system/ipshared/0271/hdl/axi_gpio_v2_0_vh_rfs.vhd:717]
WARNING: [Synth 8-6014] Unused sequential element Dual.ALLIN0_ND_G2.READ_REG2_GEN[26].GPIO2_DBus_i_reg was removed.  [c:/FPGA/UART_FIR/UART_FIR/UART_FIR.gen/sources_1/bd/sub_system/ipshared/0271/hdl/axi_gpio_v2_0_vh_rfs.vhd:717]
WARNING: [Synth 8-6014] Unused sequential element Dual.ALLIN0_ND_G2.READ_REG2_GEN[27].GPIO2_DBus_i_reg was removed.  [c:/FPGA/UART_FIR/UART_FIR/UART_FIR.gen/sources_1/bd/sub_system/ipshared/0271/hdl/axi_gpio_v2_0_vh_rfs.vhd:717]
WARNING: [Synth 8-6014] Unused sequential element Dual.ALLIN0_ND_G2.READ_REG2_GEN[28].GPIO2_DBus_i_reg was removed.  [c:/FPGA/UART_FIR/UART_FIR/UART_FIR.gen/sources_1/bd/sub_system/ipshared/0271/hdl/axi_gpio_v2_0_vh_rfs.vhd:717]
WARNING: [Synth 8-6014] Unused sequential element Dual.ALLIN0_ND_G2.READ_REG2_GEN[29].GPIO2_DBus_i_reg was removed.  [c:/FPGA/UART_FIR/UART_FIR/UART_FIR.gen/sources_1/bd/sub_system/ipshared/0271/hdl/axi_gpio_v2_0_vh_rfs.vhd:717]
WARNING: [Synth 8-6014] Unused sequential element Dual.ALLIN0_ND_G2.READ_REG2_GEN[30].GPIO2_DBus_i_reg was removed.  [c:/FPGA/UART_FIR/UART_FIR/UART_FIR.gen/sources_1/bd/sub_system/ipshared/0271/hdl/axi_gpio_v2_0_vh_rfs.vhd:717]
WARNING: [Synth 8-6014] Unused sequential element Dual.ALLIN0_ND_G2.READ_REG2_GEN[31].GPIO2_DBus_i_reg was removed.  [c:/FPGA/UART_FIR/UART_FIR/UART_FIR.gen/sources_1/bd/sub_system/ipshared/0271/hdl/axi_gpio_v2_0_vh_rfs.vhd:717]
WARNING: [Synth 8-7129] Port src_clk in module xpm_cdc_array_single is either unconnected or has no load
WARNING: [Synth 8-7129] Port ABus_Reg[1] in module GPIO_Core is either unconnected or has no load
WARNING: [Synth 8-7129] Port ABus_Reg[2] in module GPIO_Core is either unconnected or has no load
WARNING: [Synth 8-7129] Port ABus_Reg[3] in module GPIO_Core is either unconnected or has no load
WARNING: [Synth 8-7129] Port ABus_Reg[4] in module GPIO_Core is either unconnected or has no load
WARNING: [Synth 8-7129] Port ABus_Reg[7] in module GPIO_Core is either unconnected or has no load
WARNING: [Synth 8-7129] Port ABus_Reg[8] in module GPIO_Core is either unconnected or has no load
WARNING: [Synth 8-7129] Port BE_Reg[0] in module GPIO_Core is either unconnected or has no load
WARNING: [Synth 8-7129] Port BE_Reg[1] in module GPIO_Core is either unconnected or has no load
WARNING: [Synth 8-7129] Port BE_Reg[2] in module GPIO_Core is either unconnected or has no load
WARNING: [Synth 8-7129] Port BE_Reg[3] in module GPIO_Core is either unconnected or has no load
WARNING: [Synth 8-7129] Port bus2ip_data[1] in module interrupt_control is either unconnected or has no load
WARNING: [Synth 8-7129] Port bus2ip_data[2] in module interrupt_control is either unconnected or has no load
WARNING: [Synth 8-7129] Port bus2ip_data[3] in module interrupt_control is either unconnected or has no load
WARNING: [Synth 8-7129] Port bus2ip_data[4] in module interrupt_control is either unconnected or has no load
WARNING: [Synth 8-7129] Port bus2ip_data[5] in module interrupt_control is either unconnected or has no load
WARNING: [Synth 8-7129] Port bus2ip_data[6] in module interrupt_control is either unconnected or has no load
WARNING: [Synth 8-7129] Port bus2ip_data[7] in module interrupt_control is either unconnected or has no load
WARNING: [Synth 8-7129] Port bus2ip_data[8] in module interrupt_control is either unconnected or has no load
WARNING: [Synth 8-7129] Port bus2ip_data[9] in module interrupt_control is either unconnected or has no load
WARNING: [Synth 8-7129] Port bus2ip_data[10] in module interrupt_control is either unconnected or has no load
WARNING: [Synth 8-7129] Port bus2ip_data[11] in module interrupt_control is either unconnected or has no load
WARNING: [Synth 8-7129] Port bus2ip_data[12] in module interrupt_control is either unconnected or has no load
WARNING: [Synth 8-7129] Port bus2ip_data[13] in module interrupt_control is either unconnected or has no load
WARNING: [Synth 8-7129] Port bus2ip_data[14] in module interrupt_control is either unconnected or has no load
WARNING: [Synth 8-7129] Port bus2ip_data[15] in module interrupt_control is either unconnected or has no load
WARNING: [Synth 8-7129] Port bus2ip_data[16] in module interrupt_control is either unconnected or has no load
WARNING: [Synth 8-7129] Port bus2ip_data[17] in module interrupt_control is either unconnected or has no load
WARNING: [Synth 8-7129] Port bus2ip_data[18] in module interrupt_control is either unconnected or has no load
WARNING: [Synth 8-7129] Port bus2ip_data[19] in module interrupt_control is either unconnected or has no load
WARNING: [Synth 8-7129] Port bus2ip_data[20] in module interrupt_control is either unconnected or has no load
WARNING: [Synth 8-7129] Port bus2ip_data[21] in module interrupt_control is either unconnected or has no load
WARNING: [Synth 8-7129] Port bus2ip_data[22] in module interrupt_control is either unconnected or has no load
WARNING: [Synth 8-7129] Port bus2ip_data[23] in module interrupt_control is either unconnected or has no load
WARNING: [Synth 8-7129] Port bus2ip_data[24] in module interrupt_control is either unconnected or has no load
WARNING: [Synth 8-7129] Port bus2ip_data[25] in module interrupt_control is either unconnected or has no load
WARNING: [Synth 8-7129] Port bus2ip_data[26] in module interrupt_control is either unconnected or has no load
WARNING: [Synth 8-7129] Port bus2ip_data[27] in module interrupt_control is either unconnected or has no load
WARNING: [Synth 8-7129] Port bus2ip_data[28] in module interrupt_control is either unconnected or has no load
WARNING: [Synth 8-7129] Port bus2ip_data[29] in module interrupt_control is either unconnected or has no load
WARNING: [Synth 8-7129] Port bus2ip_be[1] in module interrupt_control is either unconnected or has no load
WARNING: [Synth 8-7129] Port bus2ip_be[2] in module interrupt_control is either unconnected or has no load
WARNING: [Synth 8-7129] Port bus2ip_be[3] in module interrupt_control is either unconnected or has no load
WARNING: [Synth 8-7129] Port interrupt_rdce[0] in module interrupt_control is either unconnected or has no load
WARNING: [Synth 8-7129] Port interrupt_rdce[1] in module interrupt_control is either unconnected or has no load
WARNING: [Synth 8-7129] Port interrupt_rdce[2] in module interrupt_control is either unconnected or has no load
WARNING: [Synth 8-7129] Port interrupt_rdce[3] in module interrupt_control is either unconnected or has no load
WARNING: [Synth 8-7129] Port interrupt_rdce[4] in module interrupt_control is either unconnected or has no load
WARNING: [Synth 8-7129] Port interrupt_rdce[5] in module interrupt_control is either unconnected or has no load
WARNING: [Synth 8-7129] Port interrupt_rdce[6] in module interrupt_control is either unconnected or has no load
WARNING: [Synth 8-7129] Port interrupt_rdce[9] in module interrupt_control is either unconnected or has no load
WARNING: [Synth 8-7129] Port interrupt_rdce[11] in module interrupt_control is either unconnected or has no load
WARNING: [Synth 8-7129] Port interrupt_rdce[12] in module interrupt_control is either unconnected or has no load
WARNING: [Synth 8-7129] Port interrupt_rdce[13] in module interrupt_control is either unconnected or has no load
WARNING: [Synth 8-7129] Port interrupt_rdce[14] in module interrupt_control is either unconnected or has no load
WARNING: [Synth 8-7129] Port interrupt_rdce[15] in module interrupt_control is either unconnected or has no load
WARNING: [Synth 8-7129] Port interrupt_wrce[0] in module interrupt_control is either unconnected or has no load
WARNING: [Synth 8-7129] Port interrupt_wrce[1] in module interrupt_control is either unconnected or has no load
WARNING: [Synth 8-7129] Port interrupt_wrce[2] in module interrupt_control is either unconnected or has no load
WARNING: [Synth 8-7129] Port interrupt_wrce[3] in module interrupt_control is either unconnected or has no load
WARNING: [Synth 8-7129] Port interrupt_wrce[4] in module interrupt_control is either unconnected or has no load
WARNING: [Synth 8-7129] Port interrupt_wrce[5] in module interrupt_control is either unconnected or has no load
WARNING: [Synth 8-7129] Port interrupt_wrce[6] in module interrupt_control is either unconnected or has no load
WARNING: [Synth 8-7129] Port interrupt_wrce[9] in module interrupt_control is either unconnected or has no load
WARNING: [Synth 8-7129] Port interrupt_wrce[11] in module interrupt_control is either unconnected or has no load
WARNING: [Synth 8-7129] Port interrupt_wrce[12] in module interrupt_control is either unconnected or has no load
WARNING: [Synth 8-7129] Port interrupt_wrce[13] in module interrupt_control is either unconnected or has no load
WARNING: [Synth 8-7129] Port interrupt_wrce[14] in module interrupt_control is either unconnected or has no load
WARNING: [Synth 8-7129] Port interrupt_wrce[15] in module interrupt_control is either unconnected or has no load
WARNING: [Synth 8-7129] Port ipif_reg_interrupts[0] in module interrupt_control is either unconnected or has no load
WARNING: [Synth 8-7129] Port ipif_reg_interrupts[1] in module interrupt_control is either unconnected or has no load
WARNING: [Synth 8-7129] Port ipif_lvl_interrupts[0] in module interrupt_control is either unconnected or has no load
WARNING: [Synth 8-7129] Port A[1] in module pselect_f__parameterized4 is either unconnected or has no load
WARNING: [Synth 8-7129] Port A[2] in module pselect_f__parameterized4 is either unconnected or has no load
WARNING: [Synth 8-7129] Port A[3] in module pselect_f__parameterized4 is either unconnected or has no load
WARNING: [Synth 8-7129] Port A[4] in module pselect_f__parameterized4 is either unconnected or has no load
WARNING: [Synth 8-7129] Port A[5] in module pselect_f__parameterized4 is either unconnected or has no load
WARNING: [Synth 8-7129] Port A[6] in module pselect_f__parameterized4 is either unconnected or has no load
WARNING: [Synth 8-7129] Port A[7] in module pselect_f__parameterized4 is either unconnected or has no load
WARNING: [Synth 8-7129] Port A[8] in module pselect_f__parameterized4 is either unconnected or has no load
WARNING: [Synth 8-7129] Port A[5] in module pselect_f is either unconnected or has no load
WARNING: [Synth 8-7129] Port A[6] in module pselect_f is either unconnected or has no load
WARNING: [Synth 8-7129] Port A[7] in module pselect_f is either unconnected or has no load
WARNING: [Synth 8-7129] Port A[8] in module pselect_f is either unconnected or has no load
WARNING: [Synth 8-7129] Port Bus_RNW in module address_decoder is either unconnected or has no load
WARNING: [Synth 8-7129] Port S_AXI_WSTRB[3] in module slave_attachment is either unconnected or has no load
WARNING: [Synth 8-7129] Port S_AXI_WSTRB[2] in module slave_attachment is either unconnected or has no load
WARNING: [Synth 8-7129] Port S_AXI_WSTRB[1] in module slave_attachment is either unconnected or has no load
WARNING: [Synth 8-7129] Port S_AXI_WSTRB[0] in module slave_attachment is either unconnected or has no load
---------------------------------------------------------------------------------
Finished RTL Elaboration : Time (s): cpu = 00:00:19 ; elapsed = 00:00:22 . Memory (MB): peak = 1354.137 ; gain = 613.938
---------------------------------------------------------------------------------
---------------------------------------------------------------------------------
Start Handling Custom Attributes
---------------------------------------------------------------------------------
---------------------------------------------------------------------------------
Finished Handling Custom Attributes : Time (s): cpu = 00:00:19 ; elapsed = 00:00:22 . Memory (MB): peak = 1354.137 ; gain = 613.938
---------------------------------------------------------------------------------
---------------------------------------------------------------------------------
Finished RTL Optimization Phase 1 : Time (s): cpu = 00:00:19 ; elapsed = 00:00:22 . Memory (MB): peak = 1354.137 ; gain = 613.938
---------------------------------------------------------------------------------
Netlist sorting complete. Time (s): cpu = 00:00:00 ; elapsed = 00:00:00.041 . Memory (MB): peak = 1354.137 ; gain = 0.000
INFO: [Project 1-570] Preparing netlist for logic optimization

Processing XDC Constraints
Initializing timing engine
Parsing XDC File [c:/FPGA/UART_FIR/UART_FIR/UART_FIR.gen/sources_1/bd/sub_system/ip/sub_system_axi_gpio_1_0/sub_system_axi_gpio_1_0_ooc.xdc] for cell 'U0'
Finished Parsing XDC File [c:/FPGA/UART_FIR/UART_FIR/UART_FIR.gen/sources_1/bd/sub_system/ip/sub_system_axi_gpio_1_0/sub_system_axi_gpio_1_0_ooc.xdc] for cell 'U0'
Parsing XDC File [c:/FPGA/UART_FIR/UART_FIR/UART_FIR.gen/sources_1/bd/sub_system/ip/sub_system_axi_gpio_1_0/sub_system_axi_gpio_1_0_board.xdc] for cell 'U0'
Finished Parsing XDC File [c:/FPGA/UART_FIR/UART_FIR/UART_FIR.gen/sources_1/bd/sub_system/ip/sub_system_axi_gpio_1_0/sub_system_axi_gpio_1_0_board.xdc] for cell 'U0'
Parsing XDC File [C:/FPGA/UART_FIR/UART_FIR/UART_FIR.runs/sub_system_axi_gpio_1_0_synth_1/dont_touch.xdc]
Finished Parsing XDC File [C:/FPGA/UART_FIR/UART_FIR/UART_FIR.runs/sub_system_axi_gpio_1_0_synth_1/dont_touch.xdc]
INFO: [Project 1-236] Implementation specific constraints were found while reading constraint file [C:/Xilinx/2025.1/Vivado/data/ip/xpm/xpm_cdc/tcl/xpm_cdc_array_single.tcl]. These constraints will be ignored for synthesis but will be used in implementation. Impacted constraints are listed in the file [.Xil/sub_system_axi_gpio_1_0_propImpl.xdc].
Resolution: To avoid this warning, move constraints listed in [.Xil/sub_system_axi_gpio_1_0_propImpl.xdc] to another XDC file and exclude this new file from synthesis with the used_in_synthesis property (File Properties dialog in GUI) and re-run elaboration/synthesis.
INFO: [Project 1-1714] 2 XPM XDC files have been applied to the design.
Completed Processing XDC Constraints

Netlist sorting complete. Time (s): cpu = 00:00:00 ; elapsed = 00:00:00.002 . Memory (MB): peak = 1419.438 ; gain = 0.000
INFO: [Project 1-111] Unisim Transformation Summary:
No Unisim elements were transformed.

Constraint Validation Runtime : Time (s): cpu = 00:00:00 ; elapsed = 00:00:00.178 . Memory (MB): peak = 1421.668 ; gain = 2.230
INFO: [Designutils 20-5008] Incremental synthesis strategy off
---------------------------------------------------------------------------------
Finished Constraint Validation : Time (s): cpu = 00:00:42 ; elapsed = 00:00:48 . Memory (MB): peak = 1421.668 ; gain = 681.469
---------------------------------------------------------------------------------
---------------------------------------------------------------------------------
Start Loading Part and Timing Information
---------------------------------------------------------------------------------
Loading part: xc7a200tsbg484-1
---------------------------------------------------------------------------------
Finished Loading Part and Timing Information : Time (s): cpu = 00:00:42 ; elapsed = 00:00:48 . Memory (MB): peak = 1421.668 ; gain = 681.469
---------------------------------------------------------------------------------
---------------------------------------------------------------------------------
Start Applying 'set_property' XDC Constraints
---------------------------------------------------------------------------------
---------------------------------------------------------------------------------
Finished applying 'set_property' XDC Constraints : Time (s): cpu = 00:00:43 ; elapsed = 00:00:48 . Memory (MB): peak = 1421.668 ; gain = 681.469
---------------------------------------------------------------------------------
INFO: [Synth 8-802] inferred FSM for state register 'state_reg' in module 'slave_attachment'
---------------------------------------------------------------------------------------------------
                   State |                     New Encoding |                Previous Encoding 
---------------------------------------------------------------------------------------------------
                 iSTATE2 |                             0001 |                               00
                  iSTATE |                             0010 |                               01
                 iSTATE0 |                             0100 |                               10
                 iSTATE1 |                             1000 |                               11
---------------------------------------------------------------------------------------------------
INFO: [Synth 8-3354] encoded FSM with state register 'state_reg' using encoding 'one-hot' in module 'slave_attachment'
---------------------------------------------------------------------------------
Finished RTL Optimization Phase 2 : Time (s): cpu = 00:00:44 ; elapsed = 00:00:50 . Memory (MB): peak = 1421.668 ; gain = 681.469
---------------------------------------------------------------------------------
---------------------------------------------------------------------------------
Start RTL Component Statistics 
---------------------------------------------------------------------------------
Detailed RTL Component Info : 
+---Adders : 
	   2 Input    4 Bit       Adders := 1     
+---XORs : 
	   2 Input     32 Bit         XORs := 2     
	   2 Input      1 Bit         XORs := 2     
+---Registers : 
	               32 Bit    Registers := 18    
	                9 Bit    Registers := 1     
	                4 Bit    Registers := 1     
	                2 Bit    Registers := 4     
	                1 Bit    Registers := 117   
+---Muxes : 
	   2 Input   32 Bit        Muxes := 8     
	   5 Input   32 Bit        Muxes := 1     
	   2 Input    9 Bit        Muxes := 1     
	   4 Input    4 Bit        Muxes := 1     
	   2 Input    4 Bit        Muxes := 5     
	   2 Input    2 Bit        Muxes := 3     
	   3 Input    2 Bit        Muxes := 1     
	   4 Input    2 Bit        Muxes := 3     
	   2 Input    1 Bit        Muxes := 33    
	   4 Input    1 Bit        Muxes := 3     
---------------------------------------------------------------------------------
Finished RTL Component Statistics 
---------------------------------------------------------------------------------
---------------------------------------------------------------------------------
Start Part Resource Summary
---------------------------------------------------------------------------------
Part Resources:
DSPs: 740 (col length:100)
BRAMs: 730 (col length: RAMB18 100 RAMB36 50)
---------------------------------------------------------------------------------
Finished Part Resource Summary
---------------------------------------------------------------------------------
---------------------------------------------------------------------------------
Start Cross Boundary and Area Optimization
---------------------------------------------------------------------------------
WARNING: [Synth 8-7080] Parallel synthesis criteria is not met
WARNING: [Synth 8-7129] Port src_clk in module xpm_cdc_array_single is either unconnected or has no load
WARNING: [Synth 8-7129] Port s_axi_wstrb[3] in module axi_gpio is either unconnected or has no load
WARNING: [Synth 8-7129] Port s_axi_wstrb[2] in module axi_gpio is either unconnected or has no load
WARNING: [Synth 8-7129] Port s_axi_wstrb[1] in module axi_gpio is either unconnected or has no load
WARNING: [Synth 8-7129] Port s_axi_wstrb[0] in module axi_gpio is either unconnected or has no load
---------------------------------------------------------------------------------
Finished Cross Boundary and Area Optimization : Time (s): cpu = 00:00:51 ; elapsed = 00:00:58 . Memory (MB): peak = 1421.668 ; gain = 681.469
---------------------------------------------------------------------------------
---------------------------------------------------------------------------------
Start Applying XDC Timing Constraints
---------------------------------------------------------------------------------
---------------------------------------------------------------------------------
Finished Applying XDC Timing Constraints : Time (s): cpu = 00:01:07 ; elapsed = 00:01:14 . Memory (MB): peak = 1548.875 ; gain = 808.676
---------------------------------------------------------------------------------
---------------------------------------------------------------------------------
Start Timing Optimization
---------------------------------------------------------------------------------
---------------------------------------------------------------------------------
Finished Timing Optimization : Time (s): cpu = 00:01:07 ; elapsed = 00:01:15 . Memory (MB): peak = 1579.805 ; gain = 839.605
---------------------------------------------------------------------------------
---------------------------------------------------------------------------------
Start Technology Mapping
---------------------------------------------------------------------------------
---------------------------------------------------------------------------------
Finished Technology Mapping : Time (s): cpu = 00:01:08 ; elapsed = 00:01:16 . Memory (MB): peak = 1579.805 ; gain = 839.605
---------------------------------------------------------------------------------
---------------------------------------------------------------------------------
Start IO Insertion
---------------------------------------------------------------------------------
---------------------------------------------------------------------------------
Start Flattening Before IO Insertion
---------------------------------------------------------------------------------
---------------------------------------------------------------------------------
Finished Flattening Before IO Insertion
---------------------------------------------------------------------------------
---------------------------------------------------------------------------------
Start Final Netlist Cleanup
---------------------------------------------------------------------------------
---------------------------------------------------------------------------------
Finished Final Netlist Cleanup
---------------------------------------------------------------------------------
---------------------------------------------------------------------------------
Finished IO Insertion : Time (s): cpu = 00:01:20 ; elapsed = 00:01:29 . Memory (MB): peak = 1794.738 ; gain = 1054.539
---------------------------------------------------------------------------------
---------------------------------------------------------------------------------
Start Renaming Generated Instances
---------------------------------------------------------------------------------
---------------------------------------------------------------------------------
Finished Renaming Generated Instances : Time (s): cpu = 00:01:20 ; elapsed = 00:01:29 . Memory (MB): peak = 1794.738 ; gain = 1054.539
---------------------------------------------------------------------------------
---------------------------------------------------------------------------------
Start Rebuilding User Hierarchy
---------------------------------------------------------------------------------
---------------------------------------------------------------------------------
Finished Rebuilding User Hierarchy : Time (s): cpu = 00:01:20 ; elapsed = 00:01:29 . Memory (MB): peak = 1794.738 ; gain = 1054.539
---------------------------------------------------------------------------------
---------------------------------------------------------------------------------
Start Renaming Generated Ports
---------------------------------------------------------------------------------
---------------------------------------------------------------------------------
Finished Renaming Generated Ports : Time (s): cpu = 00:01:20 ; elapsed = 00:01:29 . Memory (MB): peak = 1794.738 ; gain = 1054.539
---------------------------------------------------------------------------------
---------------------------------------------------------------------------------
Start Handling Custom Attributes
---------------------------------------------------------------------------------
---------------------------------------------------------------------------------
Finished Handling Custom Attributes : Time (s): cpu = 00:01:20 ; elapsed = 00:01:29 . Memory (MB): peak = 1794.738 ; gain = 1054.539
---------------------------------------------------------------------------------
---------------------------------------------------------------------------------
Start Renaming Generated Nets
---------------------------------------------------------------------------------
---------------------------------------------------------------------------------
Finished Renaming Generated Nets : Time (s): cpu = 00:01:20 ; elapsed = 00:01:29 . Memory (MB): peak = 1794.738 ; gain = 1054.539
---------------------------------------------------------------------------------
---------------------------------------------------------------------------------
Start Writing Synthesis Report
---------------------------------------------------------------------------------

Report BlackBoxes: 
+-+--------------+----------+
| |BlackBox name |Instances |
+-+--------------+----------+
+-+--------------+----------+

Report Cell Usage: 
+------+-----+------+
|      |Cell |Count |
+------+-----+------+
|1     |LUT1 |     2|
|2     |LUT2 |    69|
|3     |LUT3 |    18|
|4     |LUT4 |    17|
|5     |LUT5 |   129|
|6     |LUT6 |    26|
|7     |FDRE |   577|
|8     |FDSE |    69|
+------+-----+------+
---------------------------------------------------------------------------------
Finished Writing Synthesis Report : Time (s): cpu = 00:01:20 ; elapsed = 00:01:29 . Memory (MB): peak = 1794.738 ; gain = 1054.539
---------------------------------------------------------------------------------
Synthesis finished with 0 errors, 0 critical warnings and 6 warnings.
Synthesis Optimization Runtime : Time (s): cpu = 00:00:55 ; elapsed = 00:01:21 . Memory (MB): peak = 1794.738 ; gain = 987.008
Synthesis Optimization Complete : Time (s): cpu = 00:01:21 ; elapsed = 00:01:29 . Memory (MB): peak = 1794.738 ; gain = 1054.539
INFO: [Project 1-571] Translating synthesized netlist
Netlist sorting complete. Time (s): cpu = 00:00:00 ; elapsed = 00:00:00.045 . Memory (MB): peak = 1803.977 ; gain = 0.000
INFO: [Project 1-570] Preparing netlist for logic optimization
INFO: [Opt 31-138] Pushed 0 inverter(s) to 0 load pin(s).
Netlist sorting complete. Time (s): cpu = 00:00:00 ; elapsed = 00:00:00.001 . Memory (MB): peak = 1810.215 ; gain = 0.000
INFO: [Project 1-111] Unisim Transformation Summary:
No Unisim elements were transformed.

Synth Design complete | Checksum: fddd49ef
INFO: [Common 17-83] Releasing license: Synthesis
82 Infos, 159 Warnings, 0 Critical Warnings and 0 Errors encountered.
synth_design completed successfully
synth_design: Time (s): cpu = 00:01:32 ; elapsed = 00:01:45 . Memory (MB): peak = 1810.215 ; gain = 1302.547
Write ShapeDB Complete: Time (s): cpu = 00:00:00 ; elapsed = 00:00:00.006 . Memory (MB): peak = 1810.215 ; gain = 0.000
INFO: [Common 17-1381] The checkpoint 'C:/FPGA/UART_FIR/UART_FIR/UART_FIR.runs/sub_system_axi_gpio_1_0_synth_1/sub_system_axi_gpio_1_0.dcp' has been generated.
INFO: [Coretcl 2-1648] Added synthesis output to IP cache for IP sub_system_axi_gpio_1_0, cache-ID = c15ea6eece5832f5
INFO: [Coretcl 2-1174] Renamed 8 cell refs.
Write ShapeDB Complete: Time (s): cpu = 00:00:00 ; elapsed = 00:00:00.003 . Memory (MB): peak = 1810.215 ; gain = 0.000
INFO: [Common 17-1381] The checkpoint 'C:/FPGA/UART_FIR/UART_FIR/UART_FIR.runs/sub_system_axi_gpio_1_0_synth_1/sub_system_axi_gpio_1_0.dcp' has been generated.
INFO: [Vivado 12-24828] Executing command : report_utilization -file sub_system_axi_gpio_1_0_utilization_synth.rpt -pb sub_system_axi_gpio_1_0_utilization_synth.pb
INFO: [Common 17-206] Exiting Vivado at Tue Feb  3 14:21:23 2026...
